Archive member included to satisfy reference by file (symbol)

/opt/st/stm32cubeide_1.19.0/plugins/com.st.stm32cube.ide.mcu.externaltools.gnu-tools-for-stm32.13.3.rel1.linux64_1.0.0.202410170706/tools/bin/../lib/gcc/arm-none-eabi/13.3.1/../../../../arm-none-eabi/lib/thumb/v7e-m+fp/hard/libc_nano.a(libc_a-exit.o)
                              /opt/st/stm32cubeide_1.19.0/plugins/com.st.stm32cube.ide.mcu.externaltools.gnu-tools-for-stm32.13.3.rel1.linux64_1.0.0.202410170706/tools/bin/../lib/gcc/arm-none-eabi/13.3.1/../../../../arm-none-eabi/lib/thumb/v7e-m+fp/hard/crt0.o (exit)
/opt/st/stm32cubeide_1.19.0/plugins/com.st.stm32cube.ide.mcu.externaltools.gnu-tools-for-stm32.13.3.rel1.linux64_1.0.0.202410170706/tools/bin/../lib/gcc/arm-none-eabi/13.3.1/../../../../arm-none-eabi/lib/thumb/v7e-m+fp/hard/libc_nano.a(libc_a-findfp.o)
                              ./ThirdParty/FreeRTOS/tasks.o (__sf)
/opt/st/stm32cubeide_1.19.0/plugins/com.st.stm32cube.ide.mcu.externaltools.gnu-tools-for-stm32.13.3.rel1.linux64_1.0.0.202410170706/tools/bin/../lib/gcc/arm-none-eabi/13.3.1/../../../../arm-none-eabi/lib/thumb/v7e-m+fp/hard/libc_nano.a(libc_a-fwalk.o)
                              /opt/st/stm32cubeide_1.19.0/plugins/com.st.stm32cube.ide.mcu.externaltools.gnu-tools-for-stm32.13.3.rel1.linux64_1.0.0.202410170706/tools/bin/../lib/gcc/arm-none-eabi/13.3.1/../../../../arm-none-eabi/lib/thumb/v7e-m+fp/hard/libc_nano.a(libc_a-findfp.o) (_fwalk_sglue)
/opt/st/stm32cubeide_1.19.0/plugins/com.st.stm32cube.ide.mcu.externaltools.gnu-tools-for-stm32.13.3.rel1.linux64_1.0.0.202410170706/tools/bin/../lib/gcc/arm-none-eabi/13.3.1/../../../../arm-none-eabi/lib/thumb/v7e-m+fp/hard/libc_nano.a(libc_a-snprintf.o)
                              ./Src/main.o (snprintf)
/opt/st/stm32cubeide_1.19.0/plugins/com.st.stm32cube.ide.mcu.externaltools.gnu-tools-for-stm32.13.3.rel1.linux64_1.0.0.202410170706/tools/bin/../lib/gcc/arm-none-eabi/13.3.1/../../../../arm-none-eabi/lib/thumb/v7e-m+fp/hard/libc_nano.a(libc_a-stdio.o)
                              /opt/st/stm32cubeide_1.19.0/plugins/com.st.stm32cube.ide.mcu.externaltools.gnu-tools-for-stm32.13.3.rel1.linux64_1.0.0.202410170706/tools/bin/../lib/gcc/arm-none-eabi/13.3.1/../../../../arm-none-eabi/lib/thumb/v7e-m+fp/hard/libc_nano.a(libc_a-findfp.o) (__sread)
/opt/st/stm32cubeide_1.19.0/plugins/com.st.stm32cube.ide.mcu.externaltools.gnu-tools-for-stm32.13.3.rel1.linux64_1.0.0.202410170706/tools/bin/../lib/gcc/arm-none-eabi/13.3.1/../../../../arm-none-eabi/lib/thumb/v7e-m+fp/hard/libc_nano.a(libc_a-memset.o)
                              /opt/st/stm32cubeide_1.19.0/plugins/com.st.stm32cube.ide.mcu.externaltools.gnu-tools-for-stm32.13.3.rel1.linux64_1.0.0.202410170706/tools/bin/../lib/gcc/arm-none-eabi/13.3.1/../../../../arm-none-eabi/lib/thumb/v7e-m+fp/hard/crt0.o (memset)
/opt/st/stm32cubeide_1.19.0/plugins/com.st.stm32cube.ide.mcu.externaltools.gnu-tools-for-stm32.13.3.rel1.linux64_1.0.0.202410170706/tools/bin/../lib/gcc/arm-none-eabi/13.3.1/../../../../arm-none-eabi/lib/thumb/v7e-m+fp/hard/libc_nano.a(libc_a-closer.o)
                              /opt/st/stm32cubeide_1.19.0/plugins/com.st.stm32cube.ide.mcu.externaltools.gnu-tools-for-stm32.13.3.rel1.linux64_1.0.0.202410170706/tools/bin/../lib/gcc/arm-none-eabi/13.3.1/../../../../arm-none-eabi/lib/thumb/v7e-m+fp/hard/libc_nano.a(libc_a-stdio.o) (_close_r)
/opt/st/stm32cubeide_1.19.0/plugins/com.st.stm32cube.ide.mcu.externaltools.gnu-tools-for-stm32.13.3.rel1.linux64_1.0.0.202410170706/tools/bin/../lib/gcc/arm-none-eabi/13.3.1/../../../../arm-none-eabi/lib/thumb/v7e-m+fp/hard/libc_nano.a(libc_a-reent.o)
                              ./ThirdParty/FreeRTOS/tasks.o (_reclaim_reent)
/opt/st/stm32cubeide_1.19.0/plugins/com.st.stm32cube.ide.mcu.externaltools.gnu-tools-for-stm32.13.3.rel1.linux64_1.0.0.202410170706/tools/bin/../lib/gcc/arm-none-eabi/13.3.1/../../../../arm-none-eabi/lib/thumb/v7e-m+fp/hard/libc_nano.a(libc_a-impure.o)
                              ./ThirdParty/FreeRTOS/tasks.o (_impure_ptr)
/opt/st/stm32cubeide_1.19.0/plugins/com.st.stm32cube.ide.mcu.externaltools.gnu-tools-for-stm32.13.3.rel1.linux64_1.0.0.202410170706/tools/bin/../lib/gcc/arm-none-eabi/13.3.1/../../../../arm-none-eabi/lib/thumb/v7e-m+fp/hard/libc_nano.a(libc_a-lseekr.o)
                              /opt/st/stm32cubeide_1.19.0/plugins/com.st.stm32cube.ide.mcu.externaltools.gnu-tools-for-stm32.13.3.rel1.linux64_1.0.0.202410170706/tools/bin/../lib/gcc/arm-none-eabi/13.3.1/../../../../arm-none-eabi/lib/thumb/v7e-m+fp/hard/libc_nano.a(libc_a-stdio.o) (_lseek_r)
/opt/st/stm32cubeide_1.19.0/plugins/com.st.stm32cube.ide.mcu.externaltools.gnu-tools-for-stm32.13.3.rel1.linux64_1.0.0.202410170706/tools/bin/../lib/gcc/arm-none-eabi/13.3.1/../../../../arm-none-eabi/lib/thumb/v7e-m+fp/hard/libc_nano.a(libc_a-readr.o)
[...]
Memory Configuration

Name             Origin             Length             Attributes
CCMRAM           0x10000000         0x00010000         xrw
RAM              0x20000000         0x00020000         xrw
FLASH            0x08000000         0x00100000         xr
*default*        0x00000000         0xffffffff

Linker script and memory map

LOAD /opt/st/stm32cubeide_1.19.0/plugins/com.st.stm32cube.ide.mcu.externaltools.gnu-tools-for-stm32.13.3.rel1.linux64_1.0.0.202410170706/tools/bin/../lib/gcc/arm-none-eabi/13.3.1/thumb/v7e-m+fp/hard/crti.o
LOAD /opt/st/stm32cubeide_1.19.0/plugins/com.st.stm32cube.ide.mcu.externaltools.gnu-tools-for-stm32.13.3.rel1.linux64_1.0.0.202410170706/tools/bin/../lib/gcc/arm-none-eabi/13.3.1/thumb/v7e-m+fp/hard/crtbegin.o
LOAD /opt/st/stm32cubeide_1.19.0/plugins/com.st.stm32cube.ide.mcu.externaltools.gnu-tools-for-stm32.13.3.rel1.linux64_1.0.0.202410170706/tools/bin/../lib/gcc/arm-none-eabi/13.3.1/../../../../arm-none-eabi/lib/thumb/v7e-m+fp/hard/crt0.o
LOAD ./Src/bmp.o
LOAD ./Src/delay.o
LOAD ./Src/dht11.o
LOAD ./Src/font6x8.o
LOAD ./Src/i2c.o
LOAD ./Src/itm.o
LOAD ./Src/led.o
LOAD ./Src/main.o
LOAD ./Src/oled.o
LOAD ./Src/spi.o
LOAD ./Src/syscalls.o
LOAD ./Src/sysmem.o
LOAD ./Src/system_stm32f4xx.o
LOAD ./Src/uart.o
LOAD ./Startup/startup_stm32f407vgtx.o
LOAD ./ThirdParty/FreeRTOS/croutine.o
LOAD ./ThirdParty/FreeRTOS/event_groups.o
LOAD ./ThirdParty/FreeRTOS/list.o
LOAD ./ThirdParty/FreeRTOS/queue.o
LOAD ./ThirdParty/FreeRTOS/stream_buffer.o
LOAD ./ThirdParty/FreeRTOS/tasks.o
LOAD ./ThirdParty/FreeRTOS/timers.o
LOAD ./ThirdParty/FreeRTOS/portable/GCC/ARM_CM4F/port.o
LOAD ./ThirdParty/FreeRTOS/portable/MemMang/heap_4.o
START GROUP
LOAD /opt/st/stm32cubeide_1.19.0/plugins/com.st.stm32cube.ide.mcu.externaltools.gnu-tools-for-stm32.13.3.rel1.linux64_1.0.0.202410170706/tools/bin/../lib/gcc/arm-none-eabi/13.3.1/../../../../arm-none-eabi/lib/thumb/v7e-m+fp/hard/libc_nano.a
LOAD /opt/st/stm32cubeide_1.19.0/plugins/com.st.stm32cube.ide.mcu.externaltools.gnu-tools-for-stm32.13.3.rel1.linux64_1.0.0.202410170706/tools/bin/../lib/gcc/arm-none-eabi/13.3.1/../../../../arm-none-eabi/lib/thumb/v7e-m+fp/hard/libm.a
END GROUP
START GROUP
LOAD /opt/st/stm32cubeide_1.19.0/plugins/com.st.stm32cube.ide.mcu.externaltools.gnu-tools-for-stm32.13.3.rel1.linux64_1.0.0.202410170706/tools/bin/../lib/gcc/arm-none-eabi/13.3.1/thumb/v7e-m+fp/hard/libgcc.a
LOAD /opt/st/stm32cubeide_1.19.0/plugins/com.st.stm32cube.ide.mcu.externaltools.gnu-tools-for-stm32.13.3.rel1.linux64_1.0.0.202410170706/tools/bin/../lib/gcc/arm-none-eabi/13.3.1/../../../../arm-none-eabi/lib/thumb/v7e-m+fp/hard/libc_nano.a
END GROUP
START GROUP
LOAD /opt/st/stm32cubeide_1.19.0/plugins/com.st.stm32cube.ide.mcu.externaltools.gnu-tools-for-stm32.13.3.rel1.linux64_1.0.0.202410170706/tools/bin/../lib/gcc/arm-none-eabi/13.3.1/thumb/v7e-m+fp/hard/libgcc.a
LOAD /opt/st/stm32cubeide_1.19.0/plugins/com.st.stm32cube.ide.mcu.externaltools.gnu-tools-for-stm32.13.3.rel1.linux64_1.0.0.202410170706/tools/bin/../lib/gcc/arm-none-eabi/13.3.1/../../../../arm-none-eabi/lib/thumb/v7e-m+fp/hard/libc_nano.a
LOAD /opt/st/stm32cubeide_1.19.0/plugins/com.st.stm32cube.ide.mcu.externaltools.gnu-tools-for-stm32.13.3.rel1.linux64_1.0.0.202410170706/tools/bin/../lib/gcc/arm-none-eabi/13.3.1/../../../../arm-none-eabi/lib/thumb/v7e-m+fp/hard/libnosys.a
END GROUP
START GROUP
LOAD /opt/st/stm32cubeide_1.19.0/plugins/com.st.stm32cube.ide.mcu.externaltools.gnu-tools-for-stm32.13.3.rel1.linux64_1.0.0.202410170706/tools/bin/../lib/gcc/arm-none-eabi/13.3.1/thumb/v7e-m+fp/hard/libgcc.a
LOAD /opt/st/stm32cubeide_1.19.0/plugins/com.st.stm32cube.ide.mcu.externaltools.gnu-tools-for-stm32.13.3.rel1.linux64_1.0.0.202410170706/tools/bin/../lib/gcc/arm-none-eabi/13.3.1/../../../../arm-none-eabi/lib/thumb/v7e-m+fp/hard/libc_nano.a
LOAD /opt/st/stm32cubeide_1.19.0/plugins/com.st.stm32cube.ide.mcu.externaltools.gnu-tools-for-stm32.13.3.rel1.linux64_1.0.0.202410170706/tools/bin/../lib/gcc/arm-none-eabi/13.3.1/../../../../arm-none-eabi/lib/thumb/v7e-m+fp/hard/libnosys.a
END GROUP
LOAD /opt/st/stm32cubeide_1.19.0/plugins/com.st.stm32cube.ide.mcu.externaltools.gnu-tools-for-stm32.13.3.rel1.linux64_1.0.0.202410170706/tools/bin/../lib/gcc/arm-none-eabi/13.3.1/thumb/v7e-m+fp/hard/crtend.o
LOAD /opt/st/stm32cubeide_1.19.0/plugins/com.st.stm32cube.ide.mcu.externaltools.gnu-tools-for-stm32.13.3.rel1.linux64_1.0.0.202410170706/tools/bin/../lib/gcc/arm-none-eabi/13.3.1/thumb/v7e-m+fp/hard/crtn.o
                0x20020000                        _estack = (ORIGIN (RAM) + LENGTH (RAM))
                0x00000200                        _Min_Heap_Size = 0x200
                0x00000400                        _Min_Stack_Size = 0x400

.isr_vector     0x08000000      0x1a8
                0x08000000                        . = ALIGN (0x4)
 *(.isr_vector)
 .isr_vector    0x08000000      0x1a8 ./Startup/startup_stm32f407vgtx.o
                0x08000000                g_pfnVectors
                0x080001a8                        . = ALIGN (0x4)

.text           0x080001b0     0x3d94
                0x080001b0                        . = ALIGN (0x4)
 *(.text)
 .text          0x080001b0       0x40 /opt/st/stm32cubeide_1.19.0/plugins/com.st.stm32cube.ide.mcu.externaltools.gnu-tools-for-stm32.13.3.rel1.linux64_1.0.0.202410170706/tools/bin/../lib/gcc/arm-none-eabi/13.3.1/thumb/v7e-m+fp/hard/crtbegin.o
 .text          0x080001f0       0xa0 /opt/st/stm32cubeide_1.19.0/plugins/com.st.stm32cube.ide.mcu.externaltools.gnu-tools-for-stm32.13.3.rel1.linux64_1.0.0.202410170706/tools/bin/../lib/gcc/arm-none-eabi/13.3.1/../../../../arm-none-eabi/lib/thumb/v7e-m+fp/hard/libc_nano.a(libc_a-memchr.o)
                0x080001f0                memchr
 *(.text*)
 .text.read16   0x08000290       0x54 ./Src/bmp.o
 .text.readS16  0x080002e4       0x1e ./Src/bmp.o
 *fill*         0x08000302        0x2 
 .text.BMP280_Init
                0x08000304       0xdc ./Src/bmp.o
                0x08000304                BMP280_Init
 .text.BMP280_ReadPressure
                0x080003e0       0x5e ./Src/bmp.o
                0x080003e0                BMP280_ReadPressure
 *fill*         0x0800043e        0x2 
 .text.delay_us
                0x08000440       0x4c ./Src/delay.o
                0x08000440                delay_us
 .text.DHT11_Init
                0x0800048c       0x20 ./Src/dht11.o
                0x0800048c                DHT11_Init
 .text.DHT11_SetPinOutput
                0x080004ac       0x2c ./Src/dht11.o
 .text.DHT11_SetPinInput
                0x080004d8       0x20 ./Src/dht11.o
 .text.DHT11_Start
                0x080004f8       0x30 ./Src/dht11.o
                0x080004f8                DHT11_Start
 .text.DHT11_CheckResponse
                0x08000528       0x48 ./Src/dht11.o
                0x08000528                DHT11_CheckResponse
 .text.DHT11_ReadByte
                0x08000570       0x8c ./Src/dht11.o
                0x08000570                DHT11_ReadByte
 .text.DHT11_ReadData
                0x080005fc       0x6e ./Src/dht11.o
                0x080005fc                DHT11_ReadData
 *fill*         0x0800066a        0x2 
 .text.I2CInit  0x0800066c       0xd4 ./Src/i2c.o
                0x0800066c                I2CInit
 .text.I2CStart
                0x08000740       0x30 ./Src/i2c.o
                0x08000740                I2CStart
 .text.I2CRepeatStart
                0x08000770        0xc ./Src/i2c.o
                0x08000770                I2CRepeatStart
 .text.I2CStop  0x0800077c       0x20 ./Src/i2c.o
                0x0800077c                I2CStop
 .text.I2CSendSlaveAddr
                0x0800079c       0x50 ./Src/i2c.o
                0x0800079c                I2CSendSlaveAddr
 .text.I2CSendData
                0x080007ec       0x78 ./Src/i2c.o
                0x080007ec                I2CSendData
 .text.I2CRecvDataAck
                0x08000864       0x5c ./Src/i2c.o
                0x08000864                I2CRecvDataAck
 .text.I2CRecvDataNAck
                0x080008c0       0x6c ./Src/i2c.o
                0x080008c0                I2CRecvDataNAck
 .text.led_init
                0x0800092c       0x78 ./Src/led.o
                0x0800092c                led_init
 .text.led_toggle
                0x080009a4       0x20 ./Src/led.o
                0x080009a4                led_toggle
 .text.vAperiodicTask
                0x080009c4       0x18 ./Src/main.o
                0x080009c4                vAperiodicTask
 .text.vDHT11Task
                0x080009dc       0x50 ./Src/main.o
                0x080009dc                vDHT11Task
 .text.vBMP280Task
                0x08000a2c       0x54 ./Src/main.o
                0x08000a2c                vBMP280Task
 .text.vOLEDTask
                0x08000a80       0xe0 ./Src/main.o
                0x08000a80                vOLEDTask
 .text.vUARTTask
                0x08000b60       0x54 ./Src/main.o
                0x08000b60                vUARTTask
 .text.main     0x08000bb4      0x108 ./Src/main.o
                0x08000bb4                main
 .text.oled_delay_short
                0x08000cbc       0x2a ./Src/oled.o
 *fill*         0x08000ce6        0x2 
 .text.oled_delay_long
                0x08000ce8       0x2c ./Src/oled.o
 .text.OLED_GPIO_Init
                0x08000d14       0x78 ./Src/oled.o
                0x08000d14                OLED_GPIO_Init
 .text.OLED_SendCommand
                0x08000d8c       0x34 ./Src/oled.o
                0x08000d8c                OLED_SendCommand
 .text.OLED_SendData
                0x08000dc0       0x34 ./Src/oled.o
                0x08000dc0                OLED_SendData
 .text.OLED_SetCursor
                0x08000df4       0x4e ./Src/oled.o
                0x08000df4                OLED_SetCursor
 *fill*         0x08000e42        0x2 
 .text.OLED_Init
                0x08000e44       0xd0 ./Src/oled.o
                0x08000e44                OLED_Init
 .text.OLED_Clear
                0x08000f14       0x46 ./Src/oled.o
                0x08000f14                OLED_Clear
 *fill*         0x08000f5a        0x2 
 .text.OLED_PrintChar
                0x08000f5c       0x5c ./Src/oled.o
                0x08000f5c                OLED_PrintChar
 .text.OLED_PrintString
                0x08000fb8       0x2a ./Src/oled.o
                0x08000fb8                OLED_PrintString
 *fill*         0x08000fe2        0x2 
 .text.SpiInit  0x08000fe4      0x124 ./Src/spi.o
                0x08000fe4                SpiInit
 .text.SpiCSEnable
                0x08001108       0x20 ./Src/spi.o
                0x08001108                SpiCSEnable
 .text.SpiCSDisable
                0x08001128       0x20 ./Src/spi.o
                0x08001128                SpiCSDisable
 .text.SpiTransfer
                0x08001148       0x44 ./Src/spi.o
                0x08001148                SpiTransfer
 .text.SpiTransmit
                0x0800118c       0x1c ./Src/spi.o
                0x0800118c                SpiTransmit
 .text._sbrk    0x080011a8       0x6c ./Src/sysmem.o
                0x080011a8                _sbrk
 .text.SystemInit
                0x08001214       0x20 ./Src/system_stm32f4xx.o
                0x08001214                SystemInit
 .text.DWT_Init
                0x08001234       0x60 ./Src/system_stm32f4xx.o
                0x08001234                DWT_Init
 .text.UartInit
                0x08001294       0xbc ./Src/uart.o
                0x08001294                UartInit
 .text.UartPutch
                0x08001350       0x2c ./Src/uart.o
                0x08001350                UartPutch
 .text.UartPuts
                0x0800137c       0x38 ./Src/uart.o
                0x0800137c                UartPuts
 .text.UART_SendString
                0x080013b4       0x16 ./Src/uart.o
                0x080013b4                UART_SendString
 *fill*         0x080013ca        0x2 
 .text.Reset_Handler
                0x080013cc       0x50 ./Startup/startup_stm32f407vgtx.o
                0x080013cc                Reset_Handler
 .text.Default_Handler
                0x0800141c        0x2 ./Startup/startup_stm32f407vgtx.o
                0x0800141c                RTC_Alarm_IRQHandler
                0x0800141c                HASH_RNG_IRQHandler
                0x0800141c                EXTI2_IRQHandler
                0x0800141c                TIM8_CC_IRQHandler
                0x0800141c                DebugMon_Handler
                0x0800141c                TIM1_CC_IRQHandler
                0x0800141c                DMA2_Stream5_IRQHandler
                0x0800141c                HardFault_Handler
                0x0800141c                DMA1_Stream5_IRQHandler
                0x0800141c                PVD_IRQHandler
                0x0800141c                SDIO_IRQHandler
                0x0800141c                TAMP_STAMP_IRQHandler
                0x0800141c                NMI_Handler
                0x0800141c                CAN2_RX1_IRQHandler
                0x0800141c                EXTI3_IRQHandler
                0x0800141c                TIM8_TRG_COM_TIM14_IRQHandler
                0x0800141c                TIM1_UP_TIM10_IRQHandler
                0x0800141c                TIM8_UP_TIM13_IRQHandler
                0x0800141c                I2C3_ER_IRQHandler
                0x0800141c                LCD_TFT_IRQHandler
                0x0800141c                EXTI0_IRQHandler
                0x0800141c                I2C2_EV_IRQHandler
                0x0800141c                DMA1_Stream2_IRQHandler
                0x0800141c                CAN1_RX0_IRQHandler
                0x0800141c                FPU_IRQHandler
                0x0800141c                OTG_HS_WKUP_IRQHandler
                0x0800141c                UsageFault_Handler
                0x0800141c                CAN2_SCE_IRQHandler
                0x0800141c                DMA2_Stream2_IRQHandler
                0x0800141c                SPI1_IRQHandler
                0x0800141c                TIM6_DAC_IRQHandler
                0x0800141c                TIM1_BRK_TIM9_IRQHandler
                0x0800141c                DCMI_IRQHandler
                0x0800141c                CAN2_RX0_IRQHandler
                0x0800141c                DMA2_Stream3_IRQHandler
                0x0800141c                USART6_IRQHandler
                0x0800141c                USART3_IRQHandler
                0x0800141c                CRYP_IRQHandler
                0x0800141c                CAN1_RX1_IRQHandler
                0x0800141c                UART5_IRQHandler
                0x0800141c                DMA2_Stream0_IRQHandler
                0x0800141c                TIM4_IRQHandler
                0x0800141c                I2C1_EV_IRQHandler
                0x0800141c                DMA1_Stream6_IRQHandler
                0x0800141c                DMA1_Stream1_IRQHandler
                0x0800141c                UART4_IRQHandler
                0x0800141c                LCD_TFT_1_IRQHandler
                0x0800141c                TIM3_IRQHandler
                0x0800141c                RCC_IRQHandler
                0x0800141c                TIM8_BRK_TIM12_IRQHandler
                0x0800141c                Default_Handler
                0x0800141c                EXTI15_10_IRQHandler
                0x0800141c                ADC_IRQHandler
                0x0800141c                DMA1_Stream7_IRQHandler
                0x0800141c                TIM7_IRQHandler
                0x0800141c                CAN2_TX_IRQHandler
                0x0800141c                TIM5_IRQHandler
                0x0800141c                DMA2_Stream7_IRQHandler
                0x0800141c                I2C3_EV_IRQHandler
                0x0800141c                EXTI9_5_IRQHandler
                0x0800141c                RTC_WKUP_IRQHandler
                0x0800141c                ETH_WKUP_IRQHandler
                0x0800141c                SPI2_IRQHandler
                0x0800141c                OTG_HS_EP1_IN_IRQHandler
                0x0800141c                MemManage_Handler
                0x0800141c                DMA1_Stream0_IRQHandler
                0x0800141c                CAN1_TX_IRQHandler
                0x0800141c                EXTI4_IRQHandler
                0x0800141c                FSMC_IRQHandler
                0x0800141c                ETH_IRQHandler
                0x0800141c                OTG_HS_EP1_OUT_IRQHandler
                0x0800141c                WWDG_IRQHandler
                0x0800141c                TIM2_IRQHandler
                0x0800141c                OTG_FS_WKUP_IRQHandler
                0x0800141c                TIM1_TRG_COM_TIM11_IRQHandler
                0x0800141c                OTG_HS_IRQHandler
                0x0800141c                EXTI1_IRQHandler
                0x0800141c                USART2_IRQHandler
                0x0800141c                I2C2_ER_IRQHandler
                0x0800141c                DMA2_Stream1_IRQHandler
                0x0800141c                CAN1_SCE_IRQHandler
                0x0800141c                DMA2_Stream4_IRQHandler
                0x0800141c                BusFault_Handler
                0x0800141c                USART1_IRQHandler
                0x0800141c                OTG_FS_IRQHandler
                0x0800141c                SPI3_IRQHandler
                0x0800141c                DMA1_Stream4_IRQHandler
                0x0800141c                I2C1_ER_IRQHandler
                0x0800141c                DMA2_Stream6_IRQHandler
                0x0800141c                DMA1_Stream3_IRQHandler
 .text.vListInitialise
                0x0800141e       0x40 ./ThirdParty/FreeRTOS/list.o
                0x0800141e                vListInitialise
 .text.vListInitialiseItem
                0x0800145e       0x1a ./ThirdParty/FreeRTOS/list.o
                0x0800145e                vListInitialiseItem
 .text.vListInsertEnd
                0x08001478       0x48 ./ThirdParty/FreeRTOS/list.o
                0x08001478                vListInsertEnd
 .text.vListInsert
                0x080014c0       0x72 ./ThirdParty/FreeRTOS/list.o
                0x080014c0                vListInsert
 .text.uxListRemove
                0x08001532       0x54 ./ThirdParty/FreeRTOS/list.o
                0x08001532                uxListRemove
 *fill*         0x08001586        0x2 
 .text.xQueueGenericReset
                0x08001588       0xd4 ./ThirdParty/FreeRTOS/queue.o
                0x08001588                xQueueGenericReset
 .text.xQueueGenericCreate
                0x0800165c       0xa4 ./ThirdParty/FreeRTOS/queue.o
                0x0800165c                xQueueGenericCreate
 .text.prvInitialiseNewQueue
                0x08001700       0x3e ./ThirdParty/FreeRTOS/queue.o
 *fill*         0x0800173e        0x2 
 .text.xQueueGenericSend
                0x08001740      0x204 ./ThirdParty/FreeRTOS/queue.o
                0x08001740                xQueueGenericSend
 .text.xQueueReceive
                0x08001944      0x1c4 ./ThirdParty/FreeRTOS/queue.o
                0x08001944                xQueueReceive
 .text.xQueuePeek
                0x08001b08      0x1c8 ./ThirdParty/FreeRTOS/queue.o
                0x08001b08                xQueuePeek
 .text.prvCopyDataToQueue
                0x08001cd0       0xd4 ./ThirdParty/FreeRTOS/queue.o
 .text.prvCopyDataFromQueue
                0x08001da4       0x4c ./ThirdParty/FreeRTOS/queue.o
 .text.prvUnlockQueue
                0x08001df0       0xa4 ./ThirdParty/FreeRTOS/queue.o
 .text.prvIsQueueEmpty
                0x08001e94       0x2c ./ThirdParty/FreeRTOS/queue.o
 .text.prvIsQueueFull
                0x08001ec0       0x30 ./ThirdParty/FreeRTOS/queue.o
 .text.xTaskCreate
                0x08001ef0       0x82 ./ThirdParty/FreeRTOS/tasks.o
                0x08001ef0                xTaskCreate
 *fill*         0x08001f72        0x2 
 .text.prvInitialiseNewTask
                0x08001f74      0x14c ./ThirdParty/FreeRTOS/tasks.o
 .text.prvAddNewTaskToReadyList
                0x080020c0       0xd4 ./ThirdParty/FreeRTOS/tasks.o
 .text.vTaskDelete
                0x08002194      0x120 ./ThirdParty/FreeRTOS/tasks.o
                0x08002194                vTaskDelete
 .text.vTaskDelay
                0x080022b4       0x6c ./ThirdParty/FreeRTOS/tasks.o
                0x080022b4                vTaskDelay
 .text.vTaskStartScheduler
                0x08002320       0xac ./ThirdParty/FreeRTOS/tasks.o
                0x08002320                vTaskStartScheduler
 .text.vTaskSuspendAll
                0x080023cc       0x1c ./ThirdParty/FreeRTOS/tasks.o
                0x080023cc                vTaskSuspendAll
 .text.xTaskResumeAll
                0x080023e8      0x13c ./ThirdParty/FreeRTOS/tasks.o
                0x080023e8                xTaskResumeAll
 .text.xTaskIncrementTick
                0x08002524      0x174 ./ThirdParty/FreeRTOS/tasks.o
                0x08002524                xTaskIncrementTick
 .text.vTaskSwitchContext
                0x08002698       0xc8 ./ThirdParty/FreeRTOS/tasks.o
                0x08002698                vTaskSwitchContext
 .text.vTaskPlaceOnEventList
                0x08002760       0x4c ./ThirdParty/FreeRTOS/tasks.o
                0x08002760                vTaskPlaceOnEventList
 .text.xTaskRemoveFromEventList
                0x080027ac       0xc8 ./ThirdParty/FreeRTOS/tasks.o
                0x080027ac                xTaskRemoveFromEventList
 .text.vTaskInternalSetTimeOutState
                0x08002874       0x2c ./ThirdParty/FreeRTOS/tasks.o
                0x08002874                vTaskInternalSetTimeOutState
 .text.xTaskCheckForTimeOut
                0x080028a0       0xd0 ./ThirdParty/FreeRTOS/tasks.o
                0x080028a0                xTaskCheckForTimeOut
 .text.vTaskMissedYield
                0x08002970       0x18 ./ThirdParty/FreeRTOS/tasks.o
                0x08002970                vTaskMissedYield
 .text.prvIdleTask
                0x08002988       0x30 ./ThirdParty/FreeRTOS/tasks.o
 .text.prvInitialiseTaskLists
                0x080029b8       0x80 ./ThirdParty/FreeRTOS/tasks.o
 .text.prvCheckTasksWaitingTermination
                0x08002a38       0x5c ./ThirdParty/FreeRTOS/tasks.o
 .text.prvDeleteTCB
                0x08002a94       0x2a ./ThirdParty/FreeRTOS/tasks.o
 *fill*         0x08002abe        0x2 
 .text.prvResetNextTaskUnblockTime
                0x08002ac0       0x38 ./ThirdParty/FreeRTOS/tasks.o
 .text.xTaskGetSchedulerState
                0x08002af8       0x3c ./ThirdParty/FreeRTOS/tasks.o
                0x08002af8                xTaskGetSchedulerState
 .text.xTaskPriorityDisinherit
                0x08002b34       0xf8 ./ThirdParty/FreeRTOS/tasks.o
                0x08002b34                xTaskPriorityDisinherit
 .text.prvAddCurrentTaskToDelayedList
                0x08002c2c       0xcc ./ThirdParty/FreeRTOS/tasks.o
 .text.pxPortInitialiseStack
                0x08002cf8       0x68 ./ThirdParty/FreeRTOS/portable/GCC/ARM_CM4F/port.o
                0x08002cf8                pxPortInitialiseStack
 .text.prvTaskExitError
                0x08002d60       0x5c ./ThirdParty/FreeRTOS/portable/GCC/ARM_CM4F/port.o
 *fill*         0x08002dbc        0x4 
 .text.SVC_Handler
                0x08002dc0       0x28 ./ThirdParty/FreeRTOS/portable/GCC/ARM_CM4F/port.o
                0x08002dc0                SVC_Handler
 .text.prvPortStartFirstTask
                0x08002de8       0x2c ./ThirdParty/FreeRTOS/portable/GCC/ARM_CM4F/port.o
 .text.xPortStartScheduler
                0x08002e14      0x148 ./ThirdParty/FreeRTOS/portable/GCC/ARM_CM4F/port.o
                0x08002e14                xPortStartScheduler
 .text.vPortEnterCritical
                0x08002f5c       0x64 ./ThirdParty/FreeRTOS/portable/GCC/ARM_CM4F/port.o
                0x08002f5c                vPortEnterCritical
 .text.vPortExitCritical
                0x08002fc0       0x54 ./ThirdParty/FreeRTOS/portable/GCC/ARM_CM4F/port.o
                0x08002fc0                vPortExitCritical
 *fill*         0x08003014        0xc 
 .text.PendSV_Handler
                0x08003020       0x68 ./ThirdParty/FreeRTOS/portable/GCC/ARM_CM4F/port.o
                0x08003020                PendSV_Handler
 .text.SysTick_Handler
                0x08003088       0x44 ./ThirdParty/FreeRTOS/portable/GCC/ARM_CM4F/port.o
                0x08003088                SysTick_Handler
 .text.vPortSetupTimerInterrupt
                0x080030cc       0x48 ./ThirdParty/FreeRTOS/portable/GCC/ARM_CM4F/port.o
                0x080030cc                vPortSetupTimerInterrupt
 .text.vPortEnableVFP
                0x08003114       0x18 ./ThirdParty/FreeRTOS/portable/GCC/ARM_CM4F/port.o
 .text.pvPortMalloc
                0x0800312c      0x19c ./ThirdParty/FreeRTOS/portable/MemMang/heap_4.o
                0x0800312c                pvPortMalloc
 .text.vPortFree
                0x080032c8       0xc8 ./ThirdParty/FreeRTOS/portable/MemMang/heap_4.o
                0x080032c8                vPortFree
 .text.prvHeapInit
                0x08003390       0xc4 ./ThirdParty/FreeRTOS/portable/MemMang/heap_4.o
 .text.prvInsertBlockIntoFreeList
                0x08003454       0xb4 ./ThirdParty/FreeRTOS/portable/MemMang/heap_4.o
 .text.snprintf
                0x08003508       0x6c /opt/st/stm32cubeide_1.19.0/plugins/com.st.stm32cube.ide.mcu.externaltools.gnu-tools-for-stm32.13.3.rel1.linux64_1.0.0.202410170706/tools/bin/../lib/gcc/arm-none-eabi/13.3.1/../../../../arm-none-eabi/lib/thumb/v7e-m+fp/hard/libc_nano.a(libc_a-snprintf.o)
                0x08003508                snprintf
                0x08003508                sniprintf
 .text.memset   0x08003574       0x10 /opt/st/stm32cubeide_1.19.0/plugins/com.st.stm32cube.ide.mcu.externaltools.gnu-tools-for-stm32.13.3.rel1.linux64_1.0.0.202410170706/tools/bin/../lib/gcc/arm-none-eabi/13.3.1/../../../../arm-none-eabi/lib/thumb/v7e-m+fp/hard/libc_nano.a(libc_a-memset.o)
                0x08003574                memset
 .text._reclaim_reent
                0x08003584       0xbc /opt/st/stm32cubeide_1.19.0/plugins/com.st.stm32cube.ide.mcu.externaltools.gnu-tools-for-stm32.13.3.rel1.linux64_1.0.0.202410170706/tools/bin/../lib/gcc/arm-none-eabi/13.3.1/../../../../arm-none-eabi/lib/thumb/v7e-m+fp/hard/libc_nano.a(libc_a-reent.o)
                0x08003584                _reclaim_reent
 .text.__errno  0x08003640        0xc /opt/st/stm32cubeide_1.19.0/plugins/com.st.stm32cube.ide.mcu.externaltools.gnu-tools-for-stm32.13.3.rel1.linux64_1.0.0.202410170706/tools/bin/../lib/gcc/arm-none-eabi/13.3.1/../../../../arm-none-eabi/lib/thumb/v7e-m+fp/hard/libc_nano.a(libc_a-errno.o)
                0x08003640                __errno
 .text.__libc_init_array
                0x0800364c       0x48 /opt/st/stm32cubeide_1.19.0/plugins/com.st.stm32cube.ide.mcu.externaltools.gnu-tools-for-stm32.13.3.rel1.linux64_1.0.0.202410170706/tools/bin/../lib/gcc/arm-none-eabi/13.3.1/../../../../arm-none-eabi/lib/thumb/v7e-m+fp/hard/libc_nano.a(libc_a-init.o)
                0x0800364c                __libc_init_array
 .text.__retarget_lock_acquire_recursive
                0x08003694        0x2 /opt/st/stm32cubeide_1.19.0/plugins/com.st.stm32cube.ide.mcu.externaltools.gnu-tools-for-stm32.13.3.rel1.linux64_1.0.0.202410170706/tools/bin/../lib/gcc/arm-none-eabi/13.3.1/../../../../arm-none-eabi/lib/thumb/v7e-m+fp/hard/libc_nano.a(libc_a-lock.o)
                0x08003694                __retarget_lock_acquire_recursive
 .text.__retarget_lock_release_recursive
                0x08003696        0x2 /opt/st/stm32cubeide_1.19.0/plugins/com.st.stm32cube.ide.mcu.externaltools.gnu-tools-for-stm32.13.3.rel1.linux64_1.0.0.202410170706/tools/bin/../lib/gcc/arm-none-eabi/13.3.1/../../../../arm-none-eabi/lib/thumb/v7e-m+fp/hard/libc_nano.a(libc_a-lock.o)
                0x08003696                __retarget_lock_release_recursive
 .text.memcpy   0x08003698       0x1c /opt/st/stm32cubeide_1.19.0/plugins/com.st.stm32cube.ide.mcu.externaltools.gnu-tools-for-stm32.13.3.rel1.linux64_1.0.0.202410170706/tools/bin/../lib/gcc/arm-none-eabi/13.3.1/../../../../arm-none-eabi/lib/thumb/v7e-m+fp/hard/libc_nano.a(libc_a-memcpy-stub.o)
                0x08003698                memcpy
 .text._free_r  0x080036b4       0x94 /opt/st/stm32cubeide_1.19.0/plugins/com.st.stm32cube.ide.mcu.externaltools.gnu-tools-for-stm32.13.3.rel1.linux64_1.0.0.202410170706/tools/bin/../lib/gcc/arm-none-eabi/13.3.1/../../../../arm-none-eabi/lib/thumb/v7e-m+fp/hard/libc_nano.a(libc_a-freer.o)
                0x080036b4                _free_r
 .text.sbrk_aligned
                0x08003748       0x44 /opt/st/stm32cubeide_1.19.0/plugins/com.st.stm32cube.ide.mcu.externaltools.gnu-tools-for-stm32.13.3.rel1.linux64_1.0.0.202410170706/tools/bin/../lib/gcc/arm-none-eabi/13.3.1/../../../../arm-none-eabi/lib/thumb/v7e-m+fp/hard/libc_nano.a(libc_a-mallocr.o)
 .text._malloc_r
                0x0800378c      0x100 /opt/st/stm32cubeide_1.19.0/plugins/com.st.stm32cube.ide.mcu.externaltools.gnu-tools-for-stm32.13.3.rel1.linux64_1.0.0.202410170706/tools/bin/../lib/gcc/arm-none-eabi/13.3.1/../../../../arm-none-eabi/lib/thumb/v7e-m+fp/hard/libc_nano.a(libc_a-mallocr.o)
                0x0800378c                _malloc_r
 .text.__malloc_lock
                0x0800388c        0xc /opt/st/stm32cubeide_1.19.0/plugins/com.st.stm32cube.ide.mcu.externaltools.gnu-tools-for-stm32.13.3.rel1.linux64_1.0.0.202410170706/tools/bin/../lib/gcc/arm-none-eabi/13.3.1/../../../../arm-none-eabi/lib/thumb/v7e-m+fp/hard/libc_nano.a(libc_a-mlock.o)
                0x0800388c                __malloc_lock
 .text.__malloc_unlock
                0x08003898        0xc /opt/st/stm32cubeide_1.19.0/plugins/com.st.stm32cube.ide.mcu.externaltools.gnu-tools-for-stm32.13.3.rel1.linux64_1.0.0.202410170706/tools/bin/../lib/gcc/arm-none-eabi/13.3.1/../../../../arm-none-eabi/lib/thumb/v7e-m+fp/hard/libc_nano.a(libc_a-mlock.o)
                0x08003898                __malloc_unlock
 .text.__ssputs_r
                0x080038a4       0xb6 /opt/st/stm32cubeide_1.19.0/plugins/com.st.stm32cube.ide.mcu.externaltools.gnu-tools-for-stm32.13.3.rel1.linux64_1.0.0.202410170706/tools/bin/../lib/gcc/arm-none-eabi/13.3.1/../../../../arm-none-eabi/lib/thumb/v7e-m+fp/hard/libc_nano.a(libc_a-nano-svfprintf.o)
                0x080038a4                __ssputs_r
 *fill*         0x0800395a        0x2 
 .text._svfprintf_r
                0x0800395c      0x1f8 /opt/st/stm32cubeide_1.19.0/plugins/com.st.stm32cube.ide.mcu.externaltools.gnu-tools-for-stm32.13.3.rel1.linux64_1.0.0.202410170706/tools/bin/../lib/gcc/arm-none-eabi/13.3.1/../../../../arm-none-eabi/lib/thumb/v7e-m+fp/hard/libc_nano.a(libc_a-nano-svfprintf.o)
                0x0800395c                _svfprintf_r
                0x0800395c                _svfiprintf_r
 .text._printf_common
                0x08003b54       0xda /opt/st/stm32cubeide_1.19.0/plugins/com.st.stm32cube.ide.mcu.externaltools.gnu-tools-for-stm32.13.3.rel1.linux64_1.0.0.202410170706/tools/bin/../lib/gcc/arm-none-eabi/13.3.1/../../../../arm-none-eabi/lib/thumb/v7e-m+fp/hard/libc_nano.a(libc_a-nano-vfprintf_i.o)
                0x08003b54                _printf_common
 *fill*         0x08003c2e        0x2 
 .text._printf_i
                0x08003c30      0x23c /opt/st/stm32cubeide_1.19.0/plugins/com.st.stm32cube.ide.mcu.externaltools.gnu-tools-for-stm32.13.3.rel1.linux64_1.0.0.202410170706/tools/bin/../lib/gcc/arm-none-eabi/13.3.1/../../../../arm-none-eabi/lib/thumb/v7e-m+fp/hard/libc_nano.a(libc_a-nano-vfprintf_i.o)
                0x08003c30                _printf_i
 .text.memmove  0x08003e6c       0x34 /opt/st/stm32cubeide_1.19.0/plugins/com.st.stm32cube.ide.mcu.externaltools.gnu-tools-for-stm32.13.3.rel1.linux64_1.0.0.202410170706/tools/bin/../lib/gcc/arm-none-eabi/13.3.1/../../../../arm-none-eabi/lib/thumb/v7e-m+fp/hard/libc_nano.a(libc_a-memmove.o)
                0x08003e6c                memmove
 .text._sbrk_r  0x08003ea0       0x20 /opt/st/stm32cubeide_1.19.0/plugins/com.st.stm32cube.ide.mcu.externaltools.gnu-tools-for-stm32.13.3.rel1.linux64_1.0.0.202410170706/tools/bin/../lib/gcc/arm-none-eabi/13.3.1/../../../../arm-none-eabi/lib/thumb/v7e-m+fp/hard/libc_nano.a(libc_a-sbrkr.o)
                0x08003ea0                _sbrk_r
 .text._realloc_r
                0x08003ec0       0x5c /opt/st/stm32cubeide_1.19.0/plugins/com.st.stm32cube.ide.mcu.externaltools.gnu-tools-for-stm32.13.3.rel1.linux64_1.0.0.202410170706/tools/bin/../lib/gcc/arm-none-eabi/13.3.1/../../../../arm-none-eabi/lib/thumb/v7e-m+fp/hard/libc_nano.a(libc_a-reallocr.o)
                0x08003ec0                _realloc_r
 .text._malloc_usable_size_r
                0x08003f1c       0x10 /opt/st/stm32cubeide_1.19.0/plugins/com.st.stm32cube.ide.mcu.externaltools.gnu-tools-for-stm32.13.3.rel1.linux64_1.0.0.202410170706/tools/bin/../lib/gcc/arm-none-eabi/13.3.1/../../../../arm-none-eabi/lib/thumb/v7e-m+fp/hard/libc_nano.a(libc_a-msizer.o)
                0x08003f1c                _malloc_usable_size_r
 *(.glue_7)
 .glue_7        0x08003f2c        0x0 linker stubs
 *(.glue_7t)
 .glue_7t       0x08003f2c        0x0 linker stubs
 *(.eh_frame)
 .eh_frame      0x08003f2c        0x0 /opt/st/stm32cubeide_1.19.0/plugins/com.st.stm32cube.ide.mcu.externaltools.gnu-tools-for-stm32.13.3.rel1.linux64_1.0.0.202410170706/tools/bin/../lib/gcc/arm-none-eabi/13.3.1/thumb/v7e-m+fp/hard/crtbegin.o
 *(.init)
 .init          0x08003f2c        0x4 /opt/st/stm32cubeide_1.19.0/plugins/com.st.stm32cube.ide.mcu.externaltools.gnu-tools-for-stm32.13.3.rel1.linux64_1.0.0.202410170706/tools/bin/../lib/gcc/arm-none-eabi/13.3.1/thumb/v7e-m+fp/hard/crti.o
                0x08003f2c                _init
 .init          0x08003f30        0x8 /opt/st/stm32cubeide_1.19.0/plugins/com.st.stm32cube.ide.mcu.externaltools.gnu-tools-for-stm32.13.3.rel1.linux64_1.0.0.202410170706/tools/bin/../lib/gcc/arm-none-eabi/13.3.1/thumb/v7e-m+fp/hard/crtn.o
 *(.fini)
 .fini          0x08003f38        0x4 /opt/st/stm32cubeide_1.19.0/plugins/com.st.stm32cube.ide.mcu.externaltools.gnu-tools-for-stm32.13.3.rel1.linux64_1.0.0.202410170706/tools/bin/../lib/gcc/arm-none-eabi/13.3.1/thumb/v7e-m+fp/hard/crti.o
                0x08003f38                _fini
 .fini          0x08003f3c        0x8 /opt/st/stm32cubeide_1.19.0/plugins/com.st.stm32cube.ide.mcu.externaltools.gnu-tools-for-stm32.13.3.rel1.linux64_1.0.0.202410170706/tools/bin/../lib/gcc/arm-none-eabi/13.3.1/thumb/v7e-m+fp/hard/crtn.o
                0x08003f44                        . = ALIGN (0x4)
                0x08003f44                        _etext = .

.vfp11_veneer   0x08003f44        0x0
 .vfp11_veneer  0x08003f44        0x0 linker stubs

.v4_bx          0x08003f44        0x0
 .v4_bx         0x08003f44        0x0 linker stubs

.iplt           0x08003f44        0x0
 .iplt          0x08003f44        0x0 /opt/st/stm32cubeide_1.19.0/plugins/com.st.stm32cube.ide.mcu.externaltools.gnu-tools-for-stm32.13.3.rel1.linux64_1.0.0.202410170706/tools/bin/../lib/gcc/arm-none-eabi/13.3.1/thumb/v7e-m+fp/hard/crtbegin.o

.rodata         0x08003f44      0x2d8
                0x08003f44                        . = ALIGN (0x4)
 *(.rodata)
 .rodata        0x08003f44       0x55 ./Src/main.o
 *fill*         0x08003f99        0x3 
 .rodata        0x08003f9c        0x5 ./ThirdParty/FreeRTOS/tasks.o
 *(.rodata*)
 *fill*         0x08003fa1        0x3 
 .rodata.font6x8
                0x08003fa4      0x240 ./Src/font6x8.o
                0x08003fa4                font6x8
 .rodata.uxTopUsedPriority
                0x080041e4        0x4 ./ThirdParty/FreeRTOS/tasks.o
                0x080041e4                uxTopUsedPriority
 .rodata._svfprintf_r.str1.1
                0x080041e8       0x33 /opt/st/stm32cubeide_1.19.0/plugins/com.st.stm32cube.ide.mcu.externaltools.gnu-tools-for-stm32.13.3.rel1.linux64_1.0.0.202410170706/tools/bin/../lib/gcc/arm-none-eabi/13.3.1/../../../../arm-none-eabi/lib/thumb/v7e-m+fp/hard/libc_nano.a(libc_a-nano-svfprintf.o)
                                 0x11 (size before relaxing)
 .rodata._printf_i.str1.1
                0x0800421b       0x22 /opt/st/stm32cubeide_1.19.0/plugins/com.st.stm32cube.ide.mcu.externaltools.gnu-tools-for-stm32.13.3.rel1.linux64_1.0.0.202410170706/tools/bin/../lib/gcc/arm-none-eabi/13.3.1/../../../../arm-none-eabi/lib/thumb/v7e-m+fp/hard/libc_nano.a(libc_a-nano-vfprintf_i.o)
                0x08004240                        . = ALIGN (0x4)
 *fill*         0x0800421b        0x1 

.ARM.extab      0x0800421c        0x0
                0x0800421c                        . = ALIGN (0x4)
 *(.ARM.extab* .gnu.linkonce.armextab.*)
                0x0800421c                        . = ALIGN (0x4)

.ARM            0x0800421c        0x8
                0x0800421c                        . = ALIGN (0x4)
                0x0800421c                        __exidx_start = .
 *(.ARM.exidx*)
 .ARM.exidx     0x0800421c        0x8 /opt/st/stm32cubeide_1.19.0/plugins/com.st.stm32cube.ide.mcu.externaltools.gnu-tools-for-stm32.13.3.rel1.linux64_1.0.0.202410170706/tools/bin/../lib/gcc/arm-none-eabi/13.3.1/../../../../arm-none-eabi/lib/thumb/v7e-m+fp/hard/libc_nano.a(libc_a-memchr.o)
                0x08004224                        __exidx_end = .
                0x08004224                        . = ALIGN (0x4)

.rel.dyn        0x08004224        0x0
 .rel.iplt      0x08004224        0x0 /opt/st/stm32cubeide_1.19.0/plugins/com.st.stm32cube.ide.mcu.externaltools.gnu-tools-for-stm32.13.3.rel1.linux64_1.0.0.202410170706/tools/bin/../lib/gcc/arm-none-eabi/13.3.1/thumb/v7e-m+fp/hard/crtbegin.o

.preinit_array  0x08004224        0x0
                0x08004224                        . = ALIGN (0x4)
                0x08004224                        PROVIDE (__preinit_array_start = .)
 *(.preinit_array*)
                0x08004224                        PROVIDE (__preinit_array_end = .)
                0x08004224                        . = ALIGN (0x4)

.init_array     0x08004224        0x4
                0x08004224                        . = ALIGN (0x4)
                0x08004224                        PROVIDE (__init_array_start = .)
 *(SORT_BY_NAME(.init_array.*))
 *(.init_array*)
 .init_array    0x08004224        0x4 /opt/st/stm32cubeide_1.19.0/plugins/com.st.stm32cube.ide.mcu.externaltools.gnu-tools-for-stm32.13.3.rel1.linux64_1.0.0.202410170706/tools/bin/../lib/gcc/arm-none-eabi/13.3.1/thumb/v7e-m+fp/hard/crtbegin.o
                0x08004228                        PROVIDE (__init_array_end = .)
                0x08004228                        . = ALIGN (0x4)

.fini_array     0x08004228        0x4
                0x08004228                        . = ALIGN (0x4)
                [!provide]                        PROVIDE (__fini_array_start = .)
 *(SORT_BY_NAME(.fini_array.*))
 *(.fini_array*)
 .fini_array    0x08004228        0x4 /opt/st/stm32cubeide_1.19.0/plugins/com.st.stm32cube.ide.mcu.externaltools.gnu-tools-for-stm32.13.3.rel1.linux64_1.0.0.202410170706/tools/bin/../lib/gcc/arm-none-eabi/13.3.1/thumb/v7e-m+fp/hard/crtbegin.o
                [!provide]                        PROVIDE (__fini_array_end = .)
                0x0800422c                        . = ALIGN (0x4)
                0x0800422c                        _sidata = LOADADDR (.data)

.data           0x20000000       0x58 load address 0x0800422c
                0x20000000                        . = ALIGN (0x4)
                0x20000000                        _sdata = .
 *(.data)
 *(.data*)
 .data.SystemCoreClock
                0x20000000        0x4 ./Src/system_stm32f4xx.o
                0x20000000                SystemCoreClock
 .data.uxCriticalNesting
                0x20000004        0x4 ./ThirdParty/FreeRTOS/portable/GCC/ARM_CM4F/port.o
 .data._impure_ptr
                0x20000008        0x4 /opt/st/stm32cubeide_1.19.0/plugins/com.st.stm32cube.ide.mcu.externaltools.gnu-tools-for-stm32.13.3.rel1.linux64_1.0.0.202410170706/tools/bin/../lib/gcc/arm-none-eabi/13.3.1/../../../../arm-none-eabi/lib/thumb/v7e-m+fp/hard/libc_nano.a(libc_a-impure.o)
                0x20000008                _impure_ptr
 .data._impure_data
                0x2000000c       0x4c /opt/st/stm32cubeide_1.19.0/plugins/com.st.stm32cube.ide.mcu.externaltools.gnu-tools-for-stm32.13.3.rel1.linux64_1.0.0.202410170706/tools/bin/../lib/gcc/arm-none-eabi/13.3.1/../../../../arm-none-eabi/lib/thumb/v7e-m+fp/hard/libc_nano.a(libc_a-impure.o)
                0x2000000c                _impure_data
 *(.RamFunc)
 *(.RamFunc*)
                0x20000058                        . = ALIGN (0x4)
                0x20000058                        _edata = .
                0x08004284                        _siccmram = LOADADDR (.ccmram)

.igot.plt       0x20000058        0x0 load address 0x08004284
 .igot.plt      0x20000058        0x0 /opt/st/stm32cubeide_1.19.0/plugins/com.st.stm32cube.ide.mcu.externaltools.gnu-tools-for-stm32.13.3.rel1.linux64_1.0.0.202410170706/tools/bin/../lib/gcc/arm-none-eabi/13.3.1/thumb/v7e-m+fp/hard/crtbegin.o

.ccmram         0x10000000        0x0 load address 0x08004284
                0x10000000                        . = ALIGN (0x4)
                0x10000000                        _sccmram = .
 *(.ccmram)
 *(.ccmram*)
                0x10000000                        . = ALIGN (0x4)
                0x10000000                        _eccmram = .
                0x10000000                        . = ALIGN (0x4)

.bss            0x20000058     0x3edc
                0x20000058                        _sbss = .
                0x20000058                        __bss_start__ = _sbss
 *(.bss)
 .bss           0x20000058       0x1c /opt/st/stm32cubeide_1.19.0/plugins/com.st.stm32cube.ide.mcu.externaltools.gnu-tools-for-stm32.13.3.rel1.linux64_1.0.0.202410170706/tools/bin/../lib/gcc/arm-none-eabi/13.3.1/thumb/v7e-m+fp/hard/crtbegin.o
 *(.bss*)
 .bss.bmp280_calib
                0x20000074       0x12 ./Src/bmp.o
                0x20000074                bmp280_calib
 *fill*         0x20000086        0x2 
 .bss.xDHT11Queue
                0x20000088        0x4 ./Src/main.o
                0x20000088                xDHT11Queue
 .bss.xBMP280Queue
                0x2000008c        0x4 ./Src/main.o
                0x2000008c                xBMP280Queue
 .bss.xUARTQueue
                0x20000090        0x4 ./Src/main.o
                0x20000090                xUARTQueue
 .bss.__sbrk_heap_end
                0x20000094        0x4 ./Src/sysmem.o
 .bss.pxCurrentTCB
                0x20000098        0x4 ./ThirdParty/FreeRTOS/tasks.o
                0x20000098                pxCurrentTCB
 .bss.pxReadyTasksLists
                0x2000009c       0x8c ./ThirdParty/FreeRTOS/tasks.o
 .bss.xDelayedTaskList1
                0x20000128       0x14 ./ThirdParty/FreeRTOS/tasks.o
 .bss.xDelayedTaskList2
                0x2000013c       0x14 ./ThirdParty/FreeRTOS/tasks.o
 .bss.pxDelayedTaskList
                0x20000150        0x4 ./ThirdParty/FreeRTOS/tasks.o
 .bss.pxOverflowDelayedTaskList
                0x20000154        0x4 ./ThirdParty/FreeRTOS/tasks.o
 .bss.xPendingReadyList
                0x20000158       0x14 ./ThirdParty/FreeRTOS/tasks.o
 .bss.xTasksWaitingTermination
                0x2000016c       0x14 ./ThirdParty/FreeRTOS/tasks.o
 .bss.uxDeletedTasksWaitingCleanUp
                0x20000180        0x4 ./ThirdParty/FreeRTOS/tasks.o
 .bss.xSuspendedTaskList
                0x20000184       0x14 ./ThirdParty/FreeRTOS/tasks.o
 .bss.uxCurrentNumberOfTasks
                0x20000198        0x4 ./ThirdParty/FreeRTOS/tasks.o
 .bss.xTickCount
                0x2000019c        0x4 ./ThirdParty/FreeRTOS/tasks.o
 .bss.uxTopReadyPriority
                0x200001a0        0x4 ./ThirdParty/FreeRTOS/tasks.o
 .bss.xSchedulerRunning
                0x200001a4        0x4 ./ThirdParty/FreeRTOS/tasks.o
 .bss.xPendedTicks
                0x200001a8        0x4 ./ThirdParty/FreeRTOS/tasks.o
 .bss.xYieldPending
                0x200001ac        0x4 ./ThirdParty/FreeRTOS/tasks.o
 .bss.xNumOfOverflows
                0x200001b0        0x4 ./ThirdParty/FreeRTOS/tasks.o
 .bss.uxTaskNumber
                0x200001b4        0x4 ./ThirdParty/FreeRTOS/tasks.o
 .bss.xNextTaskUnblockTime
                0x200001b8        0x4 ./ThirdParty/FreeRTOS/tasks.o
 .bss.xIdleTaskHandle
                0x200001bc        0x4 ./ThirdParty/FreeRTOS/tasks.o
 .bss.uxSchedulerSuspended
                0x200001c0        0x4 ./ThirdParty/FreeRTOS/tasks.o
 .bss.ucMaxSysCallPriority
                0x200001c4        0x1 ./ThirdParty/FreeRTOS/portable/GCC/ARM_CM4F/port.o
 *fill*         0x200001c5        0x3 
 .bss.ulMaxPRIGROUPValue
                0x200001c8        0x4 ./ThirdParty/FreeRTOS/portable/GCC/ARM_CM4F/port.o
 .bss.ucHeap    0x200001cc     0x3c00 ./ThirdParty/FreeRTOS/portable/MemMang/heap_4.o
 .bss.xStart    0x20003dcc        0x8 ./ThirdParty/FreeRTOS/portable/MemMang/heap_4.o
 .bss.pxEnd     0x20003dd4        0x4 ./ThirdParty/FreeRTOS/portable/MemMang/heap_4.o
 .bss.xFreeBytesRemaining
                0x20003dd8        0x4 ./ThirdParty/FreeRTOS/portable/MemMang/heap_4.o
 .bss.xMinimumEverFreeBytesRemaining
                0x20003ddc        0x4 ./ThirdParty/FreeRTOS/portable/MemMang/heap_4.o
 .bss.xNumberOfSuccessfulAllocations
                0x20003de0        0x4 ./ThirdParty/FreeRTOS/portable/MemMang/heap_4.o
 .bss.xNumberOfSuccessfulFrees
                0x20003de4        0x4 ./ThirdParty/FreeRTOS/portable/MemMang/heap_4.o
 .bss.xBlockAllocatedBit
                0x20003de8        0x4 ./ThirdParty/FreeRTOS/portable/MemMang/heap_4.o
 .bss.__sf      0x20003dec      0x138 /opt/st/stm32cubeide_1.19.0/plugins/com.st.stm32cube.ide.mcu.externaltools.gnu-tools-for-stm32.13.3.rel1.linux64_1.0.0.202410170706/tools/bin/../lib/gcc/arm-none-eabi/13.3.1/../../../../arm-none-eabi/lib/thumb/v7e-m+fp/hard/libc_nano.a(libc_a-findfp.o)
                0x20003dec                __sf
 .bss.errno     0x20003f24        0x4 /opt/st/stm32cubeide_1.19.0/plugins/com.st.stm32cube.ide.mcu.externaltools.gnu-tools-for-stm32.13.3.rel1.linux64_1.0.0.202410170706/tools/bin/../lib/gcc/arm-none-eabi/13.3.1/../../../../arm-none-eabi/lib/thumb/v7e-m+fp/hard/libc_nano.a(libc_a-reent.o)
                0x20003f24                errno
 .bss.__lock___malloc_recursive_mutex
                0x20003f28        0x1 /opt/st/stm32cubeide_1.19.0/plugins/com.st.stm32cube.ide.mcu.externaltools.gnu-tools-for-stm32.13.3.rel1.linux64_1.0.0.202410170706/tools/bin/../lib/gcc/arm-none-eabi/13.3.1/../../../../arm-none-eabi/lib/thumb/v7e-m+fp/hard/libc_nano.a(libc_a-lock.o)
                0x20003f28                __lock___malloc_recursive_mutex
 *fill*         0x20003f29        0x3 
 .bss.__malloc_sbrk_start
                0x20003f2c        0x4 /opt/st/stm32cubeide_1.19.0/plugins/com.st.stm32cube.ide.mcu.externaltools.gnu-tools-for-stm32.13.3.rel1.linux64_1.0.0.202410170706/tools/bin/../lib/gcc/arm-none-eabi/13.3.1/../../../../arm-none-eabi/lib/thumb/v7e-m+fp/hard/libc_nano.a(libc_a-mallocr.o)
                0x20003f2c                __malloc_sbrk_start
 .bss.__malloc_free_list
                0x20003f30        0x4 /opt/st/stm32cubeide_1.19.0/plugins/com.st.stm32cube.ide.mcu.externaltools.gnu-tools-for-stm32.13.3.rel1.linux64_1.0.0.202410170706/tools/bin/../lib/gcc/arm-none-eabi/13.3.1/../../../../arm-none-eabi/lib/thumb/v7e-m+fp/hard/libc_nano.a(libc_a-mallocr.o)
                0x20003f30                __malloc_free_list
 *(COMMON)
                0x20003f34                        . = ALIGN (0x4)
                0x20003f34                        _ebss = .
                0x20003f34                        __bss_end__ = _ebss

._user_heap_stack
                0x20003f34      0x604
                0x20003f38                        . = ALIGN (0x8)
 *fill*         0x20003f34        0x4 
                [!provide]                        PROVIDE (end = .)
                0x20003f38                        PROVIDE (_end = .)
                0x20004138                        . = (. + _Min_Heap_Size)
 *fill*         0x20003f38      0x200 
                0x20004538                        . = (. + _Min_Stack_Size)
 *fill*         0x20004138      0x400 
                0x20004538                        . = ALIGN (0x8)

/DISCARD/
 libc.a(*)
 libm.a(*)
 libgcc.a(*)

.ARM.attributes
                0x00000000       0x30
 *(.ARM.attributes)
 .ARM.attributes
                0x00000000       0x22 /opt/st/stm32cubeide_1.19.0/plugins/com.st.stm32cube.ide.mcu.externaltools.gnu-tools-for-stm32.13.3.rel1.linux64_1.0.0.202410170706/tools/bin/../lib/gcc/arm-none-eabi/13.3.1/thumb/v7e-m+fp/hard/crti.o
 .ARM.attributes
                0x00000022       0x34 /opt/st/stm32cubeide_1.19.0/plugins/com.st.stm32cube.ide.mcu.externaltools.gnu-tools-for-stm32.13.3.rel1.linux64_1.0.0.202410170706/tools/bin/../lib/gcc/arm-none-eabi/13.3.1/thumb/v7e-m+fp/hard/crtbegin.o
 .ARM.attributes
                0x00000056       0x34 ./Src/bmp.o
 .ARM.attributes
                0x0000008a       0x34 ./Src/delay.o
 .ARM.attributes
                0x000000be       0x34 ./Src/dht11.o
 .ARM.attributes
                0x000000f2       0x34 ./Src/font6x8.o
 .ARM.attributes
                0x00000126       0x34 ./Src/i2c.o
 .ARM.attributes
                0x0000015a       0x34 ./Src/led.o
 .ARM.attributes
                0x0000018e       0x34 ./Src/main.o
 .ARM.attributes
                0x000001c2       0x34 ./Src/oled.o
 .ARM.attributes
                0x000001f6       0x34 ./Src/spi.o
 .ARM.attributes
                0x0000022a       0x34 ./Src/sysmem.o
 .ARM.attributes
                0x0000025e       0x34 ./Src/system_stm32f4xx.o
 .ARM.attributes
                0x00000292       0x34 ./Src/uart.o
 .ARM.attributes
                0x000002c6       0x21 ./Startup/startup_stm32f407vgtx.o
 .ARM.attributes
                0x000002e7       0x34 ./ThirdParty/FreeRTOS/list.o
 .ARM.attributes
                0x0000031b       0x34 ./ThirdParty/FreeRTOS/queue.o
 .ARM.attributes
                0x0000034f       0x34 ./ThirdParty/FreeRTOS/tasks.o
 .ARM.attributes
                0x00000383       0x34 ./ThirdParty/FreeRTOS/portable/GCC/ARM_CM4F/port.o
 .ARM.attributes
                0x000003b7       0x34 ./ThirdParty/FreeRTOS/portable/MemMang/heap_4.o
 .ARM.attributes
                0x000003eb       0x34 /opt/st/stm32cubeide_1.19.0/plugins/com.st.stm32cube.ide.mcu.externaltools.gnu-tools-for-stm32.13.3.rel1.linux64_1.0.0.202410170706/tools/bin/../lib/gcc/arm-none-eabi/13.3.1/../../../../arm-none-eabi/lib/thumb/v7e-m+fp/hard/libc_nano.a(libc_a-findfp.o)
 .ARM.attributes
                0x0000041f       0x34 /opt/st/stm32cubeide_1.19.0/plugins/com.st.stm32cube.ide.mcu.externaltools.gnu-tools-for-stm32.13.3.rel1.linux64_1.0.0.202410170706/tools/bin/../lib/gcc/arm-none-eabi/13.3.1/../../../../arm-none-eabi/lib/thumb/v7e-m+fp/hard/libc_nano.a(libc_a-snprintf.o)
 .ARM.attributes
                0x00000453       0x34 /opt/st/stm32cubeide_1.19.0/plugins/com.st.stm32cube.ide.mcu.externaltools.gnu-tools-for-stm32.13.3.rel1.linux64_1.0.0.202410170706/tools/bin/../lib/gcc/arm-none-eabi/13.3.1/../../../../arm-none-eabi/lib/thumb/v7e-m+fp/hard/libc_nano.a(libc_a-memset.o)
 .ARM.attributes
                0x00000487       0x34 /opt/st/stm32cubeide_1.19.0/plugins/com.st.stm32cube.ide.mcu.externaltools.gnu-tools-for-stm32.13.3.rel1.linux64_1.0.0.202410170706/tools/bin/../lib/gcc/arm-none-eabi/13.3.1/../../../../arm-none-eabi/lib/thumb/v7e-m+fp/hard/libc_nano.a(libc_a-reent.o)
 .ARM.attributes
                0x000004bb       0x34 /opt/st/stm32cubeide_1.19.0/plugins/com.st.stm32cube.ide.mcu.externaltools.gnu-tools-for-stm32.13.3.rel1.linux64_1.0.0.202410170706/tools/bin/../lib/gcc/arm-none-eabi/13.3.1/../../../../arm-none-eabi/lib/thumb/v7e-m+fp/hard/libc_nano.a(libc_a-impure.o)
 .ARM.attributes
                0x000004ef       0x34 /opt/st/stm32cubeide_1.19.0/plugins/com.st.stm32cube.ide.mcu.externaltools.gnu-tools-for-stm32.13.3.rel1.linux64_1.0.0.202410170706/tools/bin/../lib/gcc/arm-none-eabi/13.3.1/../../../../arm-none-eabi/lib/thumb/v7e-m+fp/hard/libc_nano.a(libc_a-errno.o)
 .ARM.attributes
                0x00000523       0x34 /opt/st/stm32cubeide_1.19.0/plugins/com.st.stm32cube.ide.mcu.externaltools.gnu-tools-for-stm32.13.3.rel1.linux64_1.0.0.202410170706/tools/bin/../lib/gcc/arm-none-eabi/13.3.1/../../../../arm-none-eabi/lib/thumb/v7e-m+fp/hard/libc_nano.a(libc_a-init.o)
 .ARM.attributes
                0x00000557       0x34 /opt/st/stm32cubeide_1.19.0/plugins/com.st.stm32cube.ide.mcu.externaltools.gnu-tools-for-stm32.13.3.rel1.linux64_1.0.0.202410170706/tools/bin/../lib/gcc/arm-none-eabi/13.3.1/../../../../arm-none-eabi/lib/thumb/v7e-m+fp/hard/libc_nano.a(libc_a-lock.o)
 .ARM.attributes
                0x0000058b       0x34 /opt/st/stm32cubeide_1.19.0/plugins/com.st.stm32cube.ide.mcu.externaltools.gnu-tools-for-stm32.13.3.rel1.linux64_1.0.0.202410170706/tools/bin/../lib/gcc/arm-none-eabi/13.3.1/../../../../arm-none-eabi/lib/thumb/v7e-m+fp/hard/libc_nano.a(libc_a-memcpy-stub.o)
 .ARM.attributes
                0x000005bf       0x34 /opt/st/stm32cubeide_1.19.0/plugins/com.st.stm32cube.ide.mcu.externaltools.gnu-tools-for-stm32.13.3.rel1.linux64_1.0.0.202410170706/tools/bin/../lib/gcc/arm-none-eabi/13.3.1/../../../../arm-none-eabi/lib/thumb/v7e-m+fp/hard/libc_nano.a(libc_a-freer.o)
 .ARM.attributes
                0x000005f3       0x34 /opt/st/stm32cubeide_1.19.0/plugins/com.st.stm32cube.ide.mcu.externaltools.gnu-tools-for-stm32.13.3.rel1.linux64_1.0.0.202410170706/tools/bin/../lib/gcc/arm-none-eabi/13.3.1/../../../../arm-none-eabi/lib/thumb/v7e-m+fp/hard/libc_nano.a(libc_a-mallocr.o)
 .ARM.attributes
                0x00000627       0x34 /opt/st/stm32cubeide_1.19.0/plugins/com.st.stm32cube.ide.mcu.externaltools.gnu-tools-for-stm32.13.3.rel1.linux64_1.0.0.202410170706/tools/bin/../lib/gcc/arm-none-eabi/13.3.1/../../../../arm-none-eabi/lib/thumb/v7e-m+fp/hard/libc_nano.a(libc_a-mlock.o)
 .ARM.attributes
                0x0000065b       0x34 /opt/st/stm32cubeide_1.19.0/plugins/com.st.stm32cube.ide.mcu.externaltools.gnu-tools-for-stm32.13.3.rel1.linux64_1.0.0.202410170706/tools/bin/../lib/gcc/arm-none-eabi/13.3.1/../../../../arm-none-eabi/lib/thumb/v7e-m+fp/hard/libc_nano.a(libc_a-nano-svfprintf.o)
 .ARM.attributes
                0x0000068f       0x34 /opt/st/stm32cubeide_1.19.0/plugins/com.st.stm32cube.ide.mcu.externaltools.gnu-tools-for-stm32.13.3.rel1.linux64_1.0.0.202410170706/tools/bin/../lib/gcc/arm-none-eabi/13.3.1/../../../../arm-none-eabi/lib/thumb/v7e-m+fp/hard/libc_nano.a(libc_a-nano-vfprintf_i.o)
 .ARM.attributes
                0x000006c3       0x34 /opt/st/stm32cubeide_1.19.0/plugins/com.st.stm32cube.ide.mcu.externaltools.gnu-tools-for-stm32.13.3.rel1.linux64_1.0.0.202410170706/tools/bin/../lib/gcc/arm-none-eabi/13.3.1/../../../../arm-none-eabi/lib/thumb/v7e-m+fp/hard/libc_nano.a(libc_a-memmove.o)
 .ARM.attributes
                0x000006f7       0x34 /opt/st/stm32cubeide_1.19.0/plugins/com.st.stm32cube.ide.mcu.externaltools.gnu-tools-for-stm32.13.3.rel1.linux64_1.0.0.202410170706/tools/bin/../lib/gcc/arm-none-eabi/13.3.1/../../../../arm-none-eabi/lib/thumb/v7e-m+fp/hard/libc_nano.a(libc_a-sbrkr.o)
 .ARM.attributes
                0x0000072b       0x1c /opt/st/stm32cubeide_1.19.0/plugins/com.st.stm32cube.ide.mcu.externaltools.gnu-tools-for-stm32.13.3.rel1.linux64_1.0.0.202410170706/tools/bin/../lib/gcc/arm-none-eabi/13.3.1/../../../../arm-none-eabi/lib/thumb/v7e-m+fp/hard/libc_nano.a(libc_a-memchr.o)
 .ARM.attributes
                0x00000747       0x34 /opt/st/stm32cubeide_1.19.0/plugins/com.st.stm32cube.ide.mcu.externaltools.gnu-tools-for-stm32.13.3.rel1.linux64_1.0.0.202410170706/tools/bin/../lib/gcc/arm-none-eabi/13.3.1/../../../../arm-none-eabi/lib/thumb/v7e-m+fp/hard/libc_nano.a(libc_a-reallocr.o)
 .ARM.attributes
                0x0000077b       0x34 /opt/st/stm32cubeide_1.19.0/plugins/com.st.stm32cube.ide.mcu.externaltools.gnu-tools-for-stm32.13.3.rel1.linux64_1.0.0.202410170706/tools/bin/../lib/gcc/arm-none-eabi/13.3.1/../../../../arm-none-eabi/lib/thumb/v7e-m+fp/hard/libc_nano.a(libc_a-msizer.o)
 .ARM.attributes
                0x000007af       0x22 /opt/st/stm32cubeide_1.19.0/plugins/com.st.stm32cube.ide.mcu.externaltools.gnu-tools-for-stm32.13.3.rel1.linux64_1.0.0.202410170706/tools/bin/../lib/gcc/arm-none-eabi/13.3.1/thumb/v7e-m+fp/hard/crtn.o
OUTPUT(Group_project.elf elf32-littlearm)
LOAD linker stubs
LOAD /opt/st/stm32cubeide_1.19.0/plugins/com.st.stm32cube.ide.mcu.externaltools.gnu-tools-for-stm32.13.3.rel1.linux64_1.0.0.202410170706/tools/bin/../lib/gcc/arm-none-eabi/13.3.1/../../../../arm-none-eabi/lib/thumb/v7e-m+fp/hard/libc.a
LOAD /opt/st/stm32cubeide_1.19.0/plugins/com.st.stm32cube.ide.mcu.externaltools.gnu-tools-for-stm32.13.3.rel1.linux64_1.0.0.202410170706/tools/bin/../lib/gcc/arm-none-eabi/13.3.1/../../../../arm-none-eabi/lib/thumb/v7e-m+fp/hard/libm.a
LOAD /opt/st/stm32cubeide_1.19.0/plugins/com.st.stm32cube.ide.mcu.externaltools.gnu-tools-for-stm32.13.3.rel1.linux64_1.0.0.202410170706/tools/bin/../lib/gcc/arm-none-eabi/13.3.1/thumb/v7e-m+fp/hard/libgcc.a

.debug_info     0x00000000     0x7207
 .debug_info    0x00000000      0x298 ./Src/bmp.o
 .debug_info    0x00000298      0x26c ./Src/delay.o
 .debug_info    0x00000504      0x423 ./Src/dht11.o
 .debug_info    0x00000927       0xbb ./Src/font6x8.o
 .debug_info    0x000009e2      0x473 ./Src/i2c.o
 .debug_info    0x00000e55      0x2ec ./Src/led.o
 .debug_info    0x00001141      0x585 ./Src/main.o
 .debug_info    0x000016c6      0x54f ./Src/oled.o
 .debug_info    0x00001c15      0x49a ./Src/spi.o
 .debug_info    0x000020af      0x168 ./Src/sysmem.o
 .debug_info    0x00002217      0x700 ./Src/system_stm32f4xx.o
 .debug_info    0x00002917      0x41b ./Src/uart.o
 .debug_info    0x00002d32       0x30 ./Startup/startup_stm32f407vgtx.o
 .debug_info    0x00002d62      0x2af ./ThirdParty/FreeRTOS/list.o
 .debug_info    0x00003011     0x1551 ./ThirdParty/FreeRTOS/queue.o
 .debug_info    0x00004562     0x22ef ./ThirdParty/FreeRTOS/tasks.o
 .debug_info    0x00006851      0x4e1 ./ThirdParty/FreeRTOS/portable/GCC/ARM_CM4F/port.o
 .debug_info    0x00006d32      0x4d5 ./ThirdParty/FreeRTOS/portable/MemMang/heap_4.o

.debug_abbrev   0x00000000     0x1b68
 .debug_abbrev  0x00000000      0x157 ./Src/bmp.o
 .debug_abbrev  0x00000157       0xfb ./Src/delay.o
 .debug_abbrev  0x00000252      0x181 ./Src/dht11.o
 .debug_abbrev  0x000003d3       0x72 ./Src/font6x8.o
 .debug_abbrev  0x00000445      0x15e ./Src/i2c.o
 .debug_abbrev  0x000005a3       0xb8 ./Src/led.o
 .debug_abbrev  0x0000065b      0x221 ./Src/main.o
 .debug_abbrev  0x0000087c      0x1a6 ./Src/oled.o
 .debug_abbrev  0x00000a22      0x144 ./Src/spi.o
 .debug_abbrev  0x00000b66       0xbc ./Src/sysmem.o
 .debug_abbrev  0x00000c22      0x161 ./Src/system_stm32f4xx.o
 .debug_abbrev  0x00000d83      0x160 ./Src/uart.o
 .debug_abbrev  0x00000ee3       0x24 ./Startup/startup_stm32f407vgtx.o
 .debug_abbrev  0x00000f07       0xf5 ./ThirdParty/FreeRTOS/list.o
 .debug_abbrev  0x00000ffc      0x322 ./ThirdParty/FreeRTOS/queue.o
 .debug_abbrev  0x0000131e      0x3d3 ./ThirdParty/FreeRTOS/tasks.o
 .debug_abbrev  0x000016f1      0x25a ./ThirdParty/FreeRTOS/portable/GCC/ARM_CM4F/port.o
 .debug_abbrev  0x0000194b      0x21d ./ThirdParty/FreeRTOS/portable/MemMang/heap_4.o

.debug_aranges  0x00000000      0x700
 .debug_aranges
                0x00000000       0x38 ./Src/bmp.o
 .debug_aranges
                0x00000038       0x28 ./Src/delay.o
 .debug_aranges
                0x00000060       0x50 ./Src/dht11.o
 .debug_aranges
                0x000000b0       0x18 ./Src/font6x8.o
 .debug_aranges
                0x000000c8       0x60 ./Src/i2c.o
 .debug_aranges
                0x00000128       0x38 ./Src/led.o
 .debug_aranges
                0x00000160       0x48 ./Src/main.o
 .debug_aranges
                0x000001a8       0x68 ./Src/oled.o
 .debug_aranges
                0x00000210       0x58 ./Src/spi.o
 .debug_aranges
                0x00000268       0x20 ./Src/sysmem.o
 .debug_aranges
                0x00000288       0x38 ./Src/system_stm32f4xx.o
 .debug_aranges
                0x000002c0       0x50 ./Src/uart.o
 .debug_aranges
                0x00000310       0x28 ./Startup/startup_stm32f407vgtx.o
 .debug_aranges
                0x00000338       0x40 ./ThirdParty/FreeRTOS/list.o
 .debug_aranges
                0x00000378       0xf8 ./ThirdParty/FreeRTOS/queue.o
 .debug_aranges
                0x00000470      0x1b8 ./ThirdParty/FreeRTOS/tasks.o
 .debug_aranges
                0x00000628       0x80 ./ThirdParty/FreeRTOS/portable/GCC/ARM_CM4F/port.o
 .debug_aranges
                0x000006a8       0x58 ./ThirdParty/FreeRTOS/portable/MemMang/heap_4.o

.debug_rnglists
                0x00000000      0x50f
 .debug_rnglists
                0x00000000       0x26 ./Src/bmp.o
 .debug_rnglists
                0x00000026       0x19 ./Src/delay.o
 .debug_rnglists
                0x0000003f       0x38 ./Src/dht11.o
 .debug_rnglists
                0x00000077       0x44 ./Src/i2c.o
 .debug_rnglists
                0x000000bb       0x25 ./Src/led.o
 .debug_rnglists
                0x000000e0       0x33 ./Src/main.o
 .debug_rnglists
                0x00000113       0x4a ./Src/oled.o
 .debug_rnglists
                0x0000015d       0x3e ./Src/spi.o
 .debug_rnglists
                0x0000019b       0x13 ./Src/sysmem.o
 .debug_rnglists
                0x000001ae       0x26 ./Src/system_stm32f4xx.o
 .debug_rnglists
                0x000001d4       0x38 ./Src/uart.o
 .debug_rnglists
                0x0000020c       0x19 ./Startup/startup_stm32f407vgtx.o
 .debug_rnglists
                0x00000225       0x2b ./ThirdParty/FreeRTOS/list.o
 .debug_rnglists
                0x00000250       0xc1 ./ThirdParty/FreeRTOS/queue.o
 .debug_rnglists
                0x00000311      0x15f ./ThirdParty/FreeRTOS/tasks.o
 .debug_rnglists
                0x00000470       0x5d ./ThirdParty/FreeRTOS/portable/GCC/ARM_CM4F/port.o
 .debug_rnglists
                0x000004cd       0x42 ./ThirdParty/FreeRTOS/portable/MemMang/heap_4.o

.debug_macro    0x00000000    0x1aff7
 .debug_macro   0x00000000       0xe7 ./Src/bmp.o
 .debug_macro   0x000000e7      0xae4 ./Src/bmp.o
 .debug_macro   0x00000bcb       0x2e ./Src/bmp.o
 .debug_macro   0x00000bf9       0x2f ./Src/bmp.o
 .debug_macro   0x00000c28       0x22 ./Src/bmp.o
 .debug_macro   0x00000c4a       0x8e ./Src/bmp.o
 .debug_macro   0x00000cd8       0x51 ./Src/bmp.o
 .debug_macro   0x00000d29      0x103 ./Src/bmp.o
 .debug_macro   0x00000e2c       0x6a ./Src/bmp.o
 .debug_macro   0x00000e96      0x1df ./Src/bmp.o
 .debug_macro   0x00001075       0x1c ./Src/bmp.o
 .debug_macro   0x00001091       0x22 ./Src/bmp.o
 .debug_macro   0x000010b3       0xd9 ./Src/bmp.o
 .debug_macro   0x0000118c     0x102d ./Src/bmp.o
 .debug_macro   0x000021b9      0x11f ./Src/bmp.o
 .debug_macro   0x000022d8    0x15e3c ./Src/bmp.o
 .debug_macro   0x00018114       0x4a ./Src/bmp.o
 .debug_macro   0x0001815e       0x1c ./Src/bmp.o
 .debug_macro   0x0001817a       0xd8 ./Src/delay.o
 .debug_macro   0x00018252       0xd7 ./Src/dht11.o
 .debug_macro   0x00018329       0x16 ./Src/dht11.o
 .debug_macro   0x0001833f       0x6d ./Src/font6x8.o
 .debug_macro   0x000183ac       0xd8 ./Src/i2c.o
 .debug_macro   0x00018484       0xce ./Src/led.o
 .debug_macro   0x00018552       0x28 ./Src/led.o
 .debug_macro   0x0001857a      0x283 ./Src/main.o
 .debug_macro   0x000187fd       0x61 ./Src/main.o
 .debug_macro   0x0001885e       0x2a ./Src/main.o
 .debug_macro   0x00018888       0x43 ./Src/main.o
 .debug_macro   0x000188cb       0x34 ./Src/main.o
 .debug_macro   0x000188ff       0x16 ./Src/main.o
 .debug_macro   0x00018915       0x9e ./Src/main.o
 .debug_macro   0x000189b3      0x370 ./Src/main.o
 .debug_macro   0x00018d23      0x112 ./Src/main.o
 .debug_macro   0x00018e35       0x10 ./Src/main.o
 .debug_macro   0x00018e45       0x16 ./Src/main.o
 .debug_macro   0x00018e5b       0x4a ./Src/main.o
 .debug_macro   0x00018ea5       0x34 ./Src/main.o
 .debug_macro   0x00018ed9       0x10 ./Src/main.o
 .debug_macro   0x00018ee9       0x58 ./Src/main.o
 .debug_macro   0x00018f41       0x8e ./Src/main.o
 .debug_macro   0x00018fcf       0x1c ./Src/main.o
 .debug_macro   0x00018feb      0x185 ./Src/main.o
 .debug_macro   0x00019170       0x16 ./Src/main.o
 .debug_macro   0x00019186       0x16 ./Src/main.o
 .debug_macro   0x0001919c      0x146 ./Src/main.o
 .debug_macro   0x000192e2       0xf1 ./Src/main.o
 .debug_macro   0x000193d3      0x15a ./Src/main.o
 .debug_macro   0x0001952d       0xe4 ./Src/main.o
 .debug_macro   0x00019611       0x1c ./Src/main.o
 .debug_macro   0x0001962d       0x26 ./Src/main.o
 .debug_macro   0x00019653       0x16 ./Src/main.o
 .debug_macro   0x00019669       0x3c ./Src/main.o
 .debug_macro   0x000196a5      0x50c ./Src/main.o
 .debug_macro   0x00019bb1       0xb5 ./Src/main.o
 .debug_macro   0x00019c66      0x120 ./Src/main.o
 .debug_macro   0x00019d86       0x80 ./Src/main.o
 .debug_macro   0x00019e06       0x22 ./Src/main.o
 .debug_macro   0x00019e28       0x22 ./Src/main.o
 .debug_macro   0x00019e4a       0x1c ./Src/main.o
 .debug_macro   0x00019e66       0xe7 ./Src/oled.o
 .debug_macro   0x00019f4d       0x1c ./Src/oled.o
 .debug_macro   0x00019f69       0xde ./Src/spi.o
 .debug_macro   0x0001a047      0x112 ./Src/sysmem.o
 .debug_macro   0x0001a159      0x23c ./Src/sysmem.o
 .debug_macro   0x0001a395       0xe1 ./Src/system_stm32f4xx.o
 .debug_macro   0x0001a476       0xd7 ./Src/uart.o
 .debug_macro   0x0001a54d      0x1a5 ./ThirdParty/FreeRTOS/list.o
 .debug_macro   0x0001a6f2      0x22e ./ThirdParty/FreeRTOS/queue.o
 .debug_macro   0x0001a920       0x16 ./ThirdParty/FreeRTOS/queue.o
 .debug_macro   0x0001a936       0x20 ./ThirdParty/FreeRTOS/queue.o
 .debug_macro   0x0001a956      0x28b ./ThirdParty/FreeRTOS/tasks.o
 .debug_macro   0x0001abe1       0x10 ./ThirdParty/FreeRTOS/tasks.o
 .debug_macro   0x0001abf1      0x246 ./ThirdParty/FreeRTOS/portable/GCC/ARM_CM4F/port.o
 .debug_macro   0x0001ae37      0x1c0 ./ThirdParty/FreeRTOS/portable/MemMang/heap_4.o

.debug_line     0x00000000     0x815f
 .debug_line    0x00000000      0x4db ./Src/bmp.o
 .debug_line    0x000004db      0x42c ./Src/delay.o
 .debug_line    0x00000907      0x54d ./Src/dht11.o
 .debug_line    0x00000e54      0x349 ./Src/font6x8.o
 .debug_line    0x0000119d      0x5f1 ./Src/i2c.o
 .debug_line    0x0000178e      0x44d ./Src/led.o
 .debug_line    0x00001bdb      0x7ab ./Src/main.o
 .debug_line    0x00002386      0x5e8 ./Src/oled.o
 .debug_line    0x0000296e      0x58c ./Src/spi.o
 .debug_line    0x00002efa      0x4b8 ./Src/sysmem.o
 .debug_line    0x000033b2      0x4d6 ./Src/system_stm32f4xx.o
 .debug_line    0x00003888      0x544 ./Src/uart.o
 .debug_line    0x00003dcc       0x7b ./Startup/startup_stm32f407vgtx.o
 .debug_line    0x00003e47      0x68f ./ThirdParty/FreeRTOS/list.o
 .debug_line    0x000044d6     0x1363 ./ThirdParty/FreeRTOS/queue.o
 .debug_line    0x00005839     0x1831 ./ThirdParty/FreeRTOS/tasks.o
 .debug_line    0x0000706a      0x855 ./ThirdParty/FreeRTOS/portable/GCC/ARM_CM4F/port.o
 .debug_line    0x000078bf      0x8a0 ./ThirdParty/FreeRTOS/portable/MemMang/heap_4.o

.debug_str      0x00000000    0x94757
 .debug_str     0x00000000    0x94757 ./Src/bmp.o
                              0x87d3b (size before relaxing)
 .debug_str     0x00094757    0x87cc6 ./Src/delay.o
 .debug_str     0x00094757    0x87dc7 ./Src/dht11.o
 .debug_str     0x00094757     0x3db5 ./Src/font6x8.o
 .debug_str     0x00094757    0x87d8b ./Src/i2c.o
 .debug_str     0x00094757    0x87a4b ./Src/led.o
 .debug_str     0x00094757    0x90d4e ./Src/main.o
 .debug_str     0x00094757    0x87e74 ./Src/oled.o
 .debug_str     0x00094757    0x87db0 ./Src/spi.o
 .debug_str     0x00094757     0x777e ./Src/sysmem.o
 .debug_str     0x00094757    0x87e9e ./Src/system_stm32f4xx.o
 .debug_str     0x00094757    0x87d74 ./Src/uart.o
 .debug_str     0x00094757       0x6a ./Startup/startup_stm32f407vgtx.o
 .debug_str     0x00094757     0xad87 ./ThirdParty/FreeRTOS/list.o
 .debug_str     0x00094757     0xd0e1 ./ThirdParty/FreeRTOS/queue.o
 .debug_str     0x00094757     0xdf29 ./ThirdParty/FreeRTOS/tasks.o
 .debug_str     0x00094757     0xc640 ./ThirdParty/FreeRTOS/portable/GCC/ARM_CM4F/port.o
 .debug_str     0x00094757     0xc250 ./ThirdParty/FreeRTOS/portable/MemMang/heap_4.o

.comment        0x00000000       0x43
 .comment       0x00000000       0x43 ./Src/bmp.o
                                 0x44 (size before relaxing)
 .comment       0x00000043       0x44 ./Src/delay.o
 .comment       0x00000043       0x44 ./Src/dht11.o
 .comment       0x00000043       0x44 ./Src/font6x8.o
 .comment       0x00000043       0x44 ./Src/i2c.o
 .comment       0x00000043       0x44 ./Src/led.o
 .comment       0x00000043       0x44 ./Src/main.o
 .comment       0x00000043       0x44 ./Src/oled.o
 .comment       0x00000043       0x44 ./Src/spi.o
 .comment       0x00000043       0x44 ./Src/sysmem.o
 .comment       0x00000043       0x44 ./Src/system_stm32f4xx.o
 .comment       0x00000043       0x44 ./Src/uart.o
 .comment       0x00000043       0x44 ./ThirdParty/FreeRTOS/list.o
 .comment       0x00000043       0x44 ./ThirdParty/FreeRTOS/queue.o
 .comment       0x00000043       0x44 ./ThirdParty/FreeRTOS/tasks.o
 .comment       0x00000043       0x44 ./ThirdParty/FreeRTOS/portable/GCC/ARM_CM4F/port.o
 .comment       0x00000043       0x44 ./ThirdParty/FreeRTOS/portable/MemMang/heap_4.o

.debug_frame    0x00000000     0x1dc0
 .debug_frame   0x00000000       0xa0 ./Src/bmp.o
 .debug_frame   0x000000a0       0x58 ./Src/delay.o
 .debug_frame   0x000000f8       0xf8 ./Src/dht11.o
 .debug_frame   0x000001f0      0x150 ./Src/i2c.o
 .debug_frame   0x00000340       0x90 ./Src/led.o
 .debug_frame   0x000003d0       0xd0 ./Src/main.o
 .debug_frame   0x000004a0      0x174 ./Src/oled.o
 .debug_frame   0x00000614      0x120 ./Src/spi.o
 .debug_frame   0x00000734       0x34 ./Src/sysmem.o
 .debug_frame   0x00000768       0x84 ./Src/system_stm32f4xx.o
 .debug_frame   0x000007ec      0x108 ./Src/uart.o
 .debug_frame   0x000008f4       0xd8 ./ThirdParty/FreeRTOS/list.o
 .debug_frame   0x000009cc      0x424 ./ThirdParty/FreeRTOS/queue.o
 .debug_frame   0x00000df0      0x768 ./ThirdParty/FreeRTOS/tasks.o
 .debug_frame   0x00001558      0x1a8 ./ThirdParty/FreeRTOS/portable/GCC/ARM_CM4F/port.o
 .debug_frame   0x00001700      0x12c ./ThirdParty/FreeRTOS/portable/MemMang/heap_4.o
 .debug_frame   0x0000182c      0x144 /opt/st/stm32cubeide_1.19.0/plugins/com.st.stm32cube.ide.mcu.externaltools.gnu-tools-for-stm32.13.3.rel1.linux64_1.0.0.202410170706/tools/bin/../lib/gcc/arm-none-eabi/13.3.1/../../../../arm-none-eabi/lib/thumb/v7e-m+fp/hard/libc_nano.a(libc_a-findfp.o)
 .debug_frame   0x00001970       0x7c /opt/st/stm32cubeide_1.19.0/plugins/com.st.stm32cube.ide.mcu.externaltools.gnu-tools-for-stm32.13.3.rel1.linux64_1.0.0.202410170706/tools/bin/../lib/gcc/arm-none-eabi/13.3.1/../../../../arm-none-eabi/lib/thumb/v7e-m+fp/hard/libc_nano.a(libc_a-snprintf.o)
 .debug_frame   0x000019ec       0x20 /opt/st/stm32cubeide_1.19.0/plugins/com.st.stm32cube.ide.mcu.externaltools.gnu-tools-for-stm32.13.3.rel1.linux64_1.0.0.202410170706/tools/bin/../lib/gcc/arm-none-eabi/13.3.1/../../../../arm-none-eabi/lib/thumb/v7e-m+fp/hard/libc_nano.a(libc_a-memset.o)
 .debug_frame   0x00001a0c       0x38 /opt/st/stm32cubeide_1.19.0/plugins/com.st.stm32cube.ide.mcu.externaltools.gnu-tools-for-stm32.13.3.rel1.linux64_1.0.0.202410170706/tools/bin/../lib/gcc/arm-none-eabi/13.3.1/../../../../arm-none-eabi/lib/thumb/v7e-m+fp/hard/libc_nano.a(libc_a-reent.o)
 .debug_frame   0x00001a44       0x20 /opt/st/stm32cubeide_1.19.0/plugins/com.st.stm32cube.ide.mcu.externaltools.gnu-tools-for-stm32.13.3.rel1.linux64_1.0.0.202410170706/tools/bin/../lib/gcc/arm-none-eabi/13.3.1/../../../../arm-none-eabi/lib/thumb/v7e-m+fp/hard/libc_nano.a(libc_a-errno.o)
 .debug_frame   0x00001a64       0x2c /opt/st/stm32cubeide_1.19.0/plugins/com.st.stm32cube.ide.mcu.externaltools.gnu-tools-for-stm32.13.3.rel1.linux64_1.0.0.202410170706/tools/bin/../lib/gcc/arm-none-eabi/13.3.1/../../../../arm-none-eabi/lib/thumb/v7e-m+fp/hard/libc_nano.a(libc_a-init.o)
 .debug_frame   0x00001a90       0xb0 /opt/st/stm32cubeide_1.19.0/plugins/com.st.stm32cube.ide.mcu.externaltools.gnu-tools-for-stm32.13.3.rel1.linux64_1.0.0.202410170706/tools/bin/../lib/gcc/arm-none-eabi/13.3.1/../../../../arm-none-eabi/lib/thumb/v7e-m+fp/hard/libc_nano.a(libc_a-lock.o)
 .debug_frame   0x00001b40       0x28 /opt/st/stm32cubeide_1.19.0/plugins/com.st.stm32cube.ide.mcu.externaltools.gnu-tools-for-stm32.13.3.rel1.linux64_1.0.0.202410170706/tools/bin/../lib/gcc/arm-none-eabi/13.3.1/../../../../arm-none-eabi/lib/thumb/v7e-m+fp/hard/libc_nano.a(libc_a-memcpy-stub.o)
 .debug_frame   0x00001b68       0x38 /opt/st/stm32cubeide_1.19.0/plugins/com.st.stm32cube.ide.mcu.externaltools.gnu-tools-for-stm32.13.3.rel1.linux64_1.0.0.202410170706/tools/bin/../lib/gcc/arm-none-eabi/13.3.1/../../../../arm-none-eabi/lib/thumb/v7e-m+fp/hard/libc_nano.a(libc_a-freer.o)
 .debug_frame   0x00001ba0       0x50 /opt/st/stm32cubeide_1.19.0/plugins/com.st.stm32cube.ide.mcu.externaltools.gnu-tools-for-stm32.13.3.rel1.linux64_1.0.0.202410170706/tools/bin/../lib/gcc/arm-none-eabi/13.3.1/../../../../arm-none-eabi/lib/thumb/v7e-m+fp/hard/libc_nano.a(libc_a-mallocr.o)
 .debug_frame   0x00001bf0       0x30 /opt/st/stm32cubeide_1.19.0/plugins/com.st.stm32cube.ide.mcu.externaltools.gnu-tools-for-stm32.13.3.rel1.linux64_1.0.0.202410170706/tools/bin/../lib/gcc/arm-none-eabi/13.3.1/../../../../arm-none-eabi/lib/thumb/v7e-m+fp/hard/libc_nano.a(libc_a-mlock.o)
 .debug_frame   0x00001c20       0x90 /opt/st/stm32cubeide_1.19.0/plugins/com.st.stm32cube.ide.mcu.externaltools.gnu-tools-for-stm32.13.3.rel1.linux64_1.0.0.202410170706/tools/bin/../lib/gcc/arm-none-eabi/13.3.1/../../../../arm-none-eabi/lib/thumb/v7e-m+fp/hard/libc_nano.a(libc_a-nano-svfprintf.o)
 .debug_frame   0x00001cb0       0x60 /opt/st/stm32cubeide_1.19.0/plugins/com.st.stm32cube.ide.mcu.externaltools.gnu-tools-for-stm32.13.3.rel1.linux64_1.0.0.202410170706/tools/bin/../lib/gcc/arm-none-eabi/13.3.1/../../../../arm-none-eabi/lib/thumb/v7e-m+fp/hard/libc_nano.a(libc_a-nano-vfprintf_i.o)
 .debug_frame   0x00001d10       0x28 /opt/st/stm32cubeide_1.19.0/plugins/com.st.stm32cube.ide.mcu.externaltools.gnu-tools-for-stm32.13.3.rel1.linux64_1.0.0.202410170706/tools/bin/../lib/gcc/arm-none-eabi/13.3.1/../../../../arm-none-eabi/lib/thumb/v7e-m+fp/hard/libc_nano.a(libc_a-memmove.o)
 .debug_frame   0x00001d38       0x2c /opt/st/stm32cubeide_1.19.0/plugins/com.st.stm32cube.ide.mcu.externaltools.gnu-tools-for-stm32.13.3.rel1.linux64_1.0.0.202410170706/tools/bin/../lib/gcc/arm-none-eabi/13.3.1/../../../../arm-none-eabi/lib/thumb/v7e-m+fp/hard/libc_nano.a(libc_a-sbrkr.o)
 .debug_frame   0x00001d64       0x3c /opt/st/stm32cubeide_1.19.0/plugins/com.st.stm32cube.ide.mcu.externaltools.gnu-tools-for-stm32.13.3.rel1.linux64_1.0.0.202410170706/tools/bin/../lib/gcc/arm-none-eabi/13.3.1/../../../../arm-none-eabi/lib/thumb/v7e-m+fp/hard/libc_nano.a(libc_a-reallocr.o)
 .debug_frame   0x00001da0       0x20 /opt/st/stm32cubeide_1.19.0/plugins/com.st.stm32cube.ide.mcu.externaltools.gnu-tools-for-stm32.13.3.rel1.linux64_1.0.0.202410170706/tools/bin/../lib/gcc/arm-none-eabi/13.3.1/../../../../arm-none-eabi/lib/thumb/v7e-m+fp/hard/libc_nano.a(libc_a-msizer.o)

.debug_loclists
                0x00000000       0x25
 .debug_loclists
                0x00000000       0x25 ./Src/system_stm32f4xx.o

.debug_line_str
                0x00000000       0x4e
 .debug_line_str
                0x00000000       0x4e ./Startup/startup_stm32f407vgtx.o
